<!doctype html public "-//w3c//dtd html 4.0 transitional//en">
<html><head>
<title>Static Call Graph - [.\Obj\Driving Simulator Ver2.0.axf]</title></head>
<body><HR>
<H1>Static Call Graph for image .\Obj\Driving Simulator Ver2.0.axf</H1><HR>
<BR><P>#&#060CALLGRAPH&#062# ARM Linker, 4.1 [Build 791]: Last Updated: Fri Sep 06 19:37:20 2013
<BR><P>
<H3>Maximum Stack Usage =        144 bytes + Unknown(Functions without stacksize, Cycles, Untraceable Function Pointers)</H3><H3>
Call chain for Maximum Stack Depth:</H3>
USB_LP_CAN_RX0_IRQHandler &rArr; USB_Istr &rArr; CTR_LP &rArr; Setup0_Process &rArr; Data_Setup0 &rArr; DataStageIn &rArr; UserToPMABufferCopy
<P>
<H3>
Functions with no stack information
</H3><UL>
 <LI><a href="#[95]">__WFI</a>
 <LI><a href="#[96]">__WFE</a>
 <LI><a href="#[cb]">__SEV</a>
 <LI><a href="#[cc]">__ISB</a>
 <LI><a href="#[cd]">__DSB</a>
 <LI><a href="#[ce]">__DMB</a>
 <LI><a href="#[cf]">__SVC</a>
 <LI><a href="#[d0]">__MRS_CONTROL</a>
 <LI><a href="#[d1]">__MSR_CONTROL</a>
 <LI><a href="#[d2]">__MRS_PSP</a>
 <LI><a href="#[d3]">__MSR_PSP</a>
 <LI><a href="#[d4]">__MRS_MSP</a>
 <LI><a href="#[d5]">__MSR_MSP</a>
 <LI><a href="#[d6]">__RESETPRIMASK</a>
 <LI><a href="#[d7]">__SETPRIMASK</a>
 <LI><a href="#[d8]">__READ_PRIMASK</a>
 <LI><a href="#[d9]">__SETFAULTMASK</a>
 <LI><a href="#[da]">__RESETFAULTMASK</a>
 <LI><a href="#[db]">__READ_FAULTMASK</a>
 <LI><a href="#[dc]">__BASEPRICONFIG</a>
 <LI><a href="#[dd]">__GetBASEPRI</a>
 <LI><a href="#[de]">__REV_HalfWord</a>
 <LI><a href="#[df]">__REV_Word</a>
</UL>
</UL>
<P>
<H3>
Mutually Recursive functions
</H3> <LI><a href="#[12]">BusFaultException</a>&nbsp;&nbsp;&nbsp;&rArr;&nbsp;&nbsp;&nbsp;<a href="#[12]">BusFaultException</a><BR>
 <LI><a href="#[10]">HardFaultException</a>&nbsp;&nbsp;&nbsp;&rArr;&nbsp;&nbsp;&nbsp;<a href="#[10]">HardFaultException</a><BR>
 <LI><a href="#[11]">MemManageException</a>&nbsp;&nbsp;&nbsp;&rArr;&nbsp;&nbsp;&nbsp;<a href="#[11]">MemManageException</a><BR>
 <LI><a href="#[13]">UsageFaultException</a>&nbsp;&nbsp;&nbsp;&rArr;&nbsp;&nbsp;&nbsp;<a href="#[13]">UsageFaultException</a><BR>
</UL>
<P>
<H3>
Function Pointers
</H3><UL>
 <LI><a href="#[2a]">ADC1_2_IRQHandler</a> from stm32f10x_it.o(i.ADC1_2_IRQHandler) referenced from stm32f10x_vector.o(RESET)
 <LI><a href="#[47]">ADC3_IRQHandler</a> from stm32f10x_it.o(i.ADC3_IRQHandler) referenced from stm32f10x_vector.o(RESET)
 <LI><a href="#[12]">BusFaultException</a> from stm32f10x_it.o(i.BusFaultException) referenced from stm32f10x_vector.o(RESET)
 <LI><a href="#[2d]">CAN_RX1_IRQHandler</a> from stm32f10x_it.o(i.CAN_RX1_IRQHandler) referenced from stm32f10x_vector.o(RESET)
 <LI><a href="#[2e]">CAN_SCE_IRQHandler</a> from stm32f10x_it.o(i.CAN_SCE_IRQHandler) referenced from stm32f10x_vector.o(RESET)
 <LI><a href="#[23]">DMA1_Channel1_IRQHandler</a> from stm32f10x_it.o(i.DMA1_Channel1_IRQHandler) referenced from stm32f10x_vector.o(RESET)
 <LI><a href="#[24]">DMA1_Channel2_IRQHandler</a> from stm32f10x_it.o(i.DMA1_Channel2_IRQHandler) referenced from stm32f10x_vector.o(RESET)
 <LI><a href="#[25]">DMA1_Channel3_IRQHandler</a> from stm32f10x_it.o(i.DMA1_Channel3_IRQHandler) referenced from stm32f10x_vector.o(RESET)
 <LI><a href="#[26]">DMA1_Channel4_IRQHandler</a> from stm32f10x_it.o(i.DMA1_Channel4_IRQHandler) referenced from stm32f10x_vector.o(RESET)
 <LI><a href="#[27]">DMA1_Channel5_IRQHandler</a> from stm32f10x_it.o(i.DMA1_Channel5_IRQHandler) referenced from stm32f10x_vector.o(RESET)
 <LI><a href="#[28]">DMA1_Channel6_IRQHandler</a> from stm32f10x_it.o(i.DMA1_Channel6_IRQHandler) referenced from stm32f10x_vector.o(RESET)
 <LI><a href="#[29]">DMA1_Channel7_IRQHandler</a> from stm32f10x_it.o(i.DMA1_Channel7_IRQHandler) referenced from stm32f10x_vector.o(RESET)
 <LI><a href="#[50]">DMA2_Channel1_IRQHandler</a> from stm32f10x_it.o(i.DMA2_Channel1_IRQHandler) referenced from stm32f10x_vector.o(RESET)
 <LI><a href="#[51]">DMA2_Channel2_IRQHandler</a> from stm32f10x_it.o(i.DMA2_Channel2_IRQHandler) referenced from stm32f10x_vector.o(RESET)
 <LI><a href="#[52]">DMA2_Channel3_IRQHandler</a> from stm32f10x_it.o(i.DMA2_Channel3_IRQHandler) referenced from stm32f10x_vector.o(RESET)
 <LI><a href="#[53]">DMA2_Channel4_5_IRQHandler</a> from stm32f10x_it.o(i.DMA2_Channel4_5_IRQHandler) referenced from stm32f10x_vector.o(RESET)
 <LI><a href="#[15]">DebugMonitor</a> from stm32f10x_it.o(i.DebugMonitor) referenced from stm32f10x_vector.o(RESET)
 <LI><a href="#[1]">EP1_OUT_Callback</a> from main.o(i.EP1_OUT_Callback) referenced 2 times from usb_istr.o(.data)
 <LI><a href="#[1e]">EXTI0_IRQHandler</a> from stm32f10x_it.o(i.EXTI0_IRQHandler) referenced from stm32f10x_vector.o(RESET)
 <LI><a href="#[40]">EXTI15_10_IRQHandler</a> from stm32f10x_it.o(i.EXTI15_10_IRQHandler) referenced from stm32f10x_vector.o(RESET)
 <LI><a href="#[1f]">EXTI1_IRQHandler</a> from stm32f10x_it.o(i.EXTI1_IRQHandler) referenced from stm32f10x_vector.o(RESET)
 <LI><a href="#[20]">EXTI2_IRQHandler</a> from stm32f10x_it.o(i.EXTI2_IRQHandler) referenced from stm32f10x_vector.o(RESET)
 <LI><a href="#[21]">EXTI3_IRQHandler</a> from stm32f10x_it.o(i.EXTI3_IRQHandler) referenced from stm32f10x_vector.o(RESET)
 <LI><a href="#[22]">EXTI4_IRQHandler</a> from stm32f10x_it.o(i.EXTI4_IRQHandler) referenced from stm32f10x_vector.o(RESET)
 <LI><a href="#[2f]">EXTI9_5_IRQHandler</a> from stm32f10x_it.o(i.EXTI9_5_IRQHandler) referenced from stm32f10x_vector.o(RESET)
 <LI><a href="#[1c]">FLASH_IRQHandler</a> from stm32f10x_it.o(i.FLASH_IRQHandler) referenced from stm32f10x_vector.o(RESET)
 <LI><a href="#[48]">FSMC_IRQHandler</a> from stm32f10x_it.o(i.FSMC_IRQHandler) referenced from stm32f10x_vector.o(RESET)
 <LI><a href="#[10]">HardFaultException</a> from stm32f10x_it.o(i.HardFaultException) referenced from stm32f10x_vector.o(RESET)
 <LI><a href="#[38]">I2C1_ER_IRQHandler</a> from stm32f10x_it.o(i.I2C1_ER_IRQHandler) referenced from stm32f10x_vector.o(RESET)
 <LI><a href="#[37]">I2C1_EV_IRQHandler</a> from stm32f10x_it.o(i.I2C1_EV_IRQHandler) referenced from stm32f10x_vector.o(RESET)
 <LI><a href="#[3a]">I2C2_ER_IRQHandler</a> from stm32f10x_it.o(i.I2C2_ER_IRQHandler) referenced from stm32f10x_vector.o(RESET)
 <LI><a href="#[39]">I2C2_EV_IRQHandler</a> from stm32f10x_it.o(i.I2C2_EV_IRQHandler) referenced from stm32f10x_vector.o(RESET)
 <LI><a href="#[6]">Joystick_Data_Setup</a> from usb_prop.o(i.Joystick_Data_Setup) referenced 2 times from usb_prop.o(.data)
 <LI><a href="#[a]">Joystick_GetConfigDescriptor</a> from usb_prop.o(i.Joystick_GetConfigDescriptor) referenced 2 times from usb_prop.o(.data)
 <LI><a href="#[9]">Joystick_GetDeviceDescriptor</a> from usb_prop.o(i.Joystick_GetDeviceDescriptor) referenced 2 times from usb_prop.o(.data)
 <LI><a href="#[5a]">Joystick_GetHIDDescriptor</a> from usb_prop.o(i.Joystick_GetHIDDescriptor) referenced from usb_prop.o(i.Joystick_Data_Setup)
 <LI><a href="#[5b]">Joystick_GetProtocolValue</a> from usb_prop.o(i.Joystick_GetProtocolValue) referenced from usb_prop.o(i.Joystick_Data_Setup)
 <LI><a href="#[59]">Joystick_GetReportDescriptor</a> from usb_prop.o(i.Joystick_GetReportDescriptor) referenced from usb_prop.o(i.Joystick_Data_Setup)
 <LI><a href="#[b]">Joystick_GetStringDescriptor</a> from usb_prop.o(i.Joystick_GetStringDescriptor) referenced 2 times from usb_prop.o(.data)
 <LI><a href="#[8]">Joystick_Get_Interface_Setting</a> from usb_prop.o(i.Joystick_Get_Interface_Setting) referenced 2 times from usb_prop.o(.data)
 <LI><a href="#[7]">Joystick_NoData_Setup</a> from usb_prop.o(i.Joystick_NoData_Setup) referenced 2 times from usb_prop.o(.data)
 <LI><a href="#[3]">Joystick_Reset</a> from usb_prop.o(i.Joystick_Reset) referenced 2 times from usb_prop.o(.data)
 <LI><a href="#[c]">Joystick_SetConfiguration</a> from usb_prop.o(i.Joystick_SetConfiguration) referenced 2 times from usb_prop.o(.data)
 <LI><a href="#[d]">Joystick_SetDeviceAddress</a> from usb_prop.o(i.Joystick_SetDeviceAddress) referenced 2 times from usb_prop.o(.data)
 <LI><a href="#[4]">Joystick_Status_In</a> from usb_prop.o(i.Joystick_Status_In) referenced 2 times from usb_prop.o(.data)
 <LI><a href="#[5]">Joystick_Status_Out</a> from usb_prop.o(i.Joystick_Status_Out) referenced 2 times from usb_prop.o(.data)
 <LI><a href="#[2]">Joystick_init</a> from usb_prop.o(i.Joystick_init) referenced 2 times from usb_prop.o(.data)
 <LI><a href="#[11]">MemManageException</a> from stm32f10x_it.o(i.MemManageException) referenced from stm32f10x_vector.o(RESET)
 <LI><a href="#[f]">NMIException</a> from stm32f10x_it.o(i.NMIException) referenced from stm32f10x_vector.o(RESET)
 <LI><a href="#[0]">NOP_Process</a> from usb_core.o(i.NOP_Process) referenced 40 times from usb_istr.o(.data)
 <LI><a href="#[19]">PVD_IRQHandler</a> from stm32f10x_it.o(i.PVD_IRQHandler) referenced from stm32f10x_vector.o(RESET)
 <LI><a href="#[16]">PendSVC</a> from stm32f10x_it.o(i.PendSVC) referenced from stm32f10x_vector.o(RESET)
 <LI><a href="#[1d]">RCC_IRQHandler</a> from stm32f10x_it.o(i.RCC_IRQHandler) referenced from stm32f10x_vector.o(RESET)
 <LI><a href="#[41]">RTCAlarm_IRQHandler</a> from stm32f10x_it.o(i.RTCAlarm_IRQHandler) referenced from stm32f10x_vector.o(RESET)
 <LI><a href="#[1b]">RTC_IRQHandler</a> from stm32f10x_it.o(i.RTC_IRQHandler) referenced from stm32f10x_vector.o(RESET)
 <LI><a href="#[e]">Reset_Handler</a> from stm32f10x_vector.o(.text) referenced from stm32f10x_vector.o(RESET)
 <LI><a href="#[49]">SDIO_IRQHandler</a> from stm32f10x_it.o(i.SDIO_IRQHandler) referenced from stm32f10x_vector.o(RESET)
 <LI><a href="#[3b]">SPI1_IRQHandler</a> from stm32f10x_it.o(i.SPI1_IRQHandler) referenced from stm32f10x_vector.o(RESET)
 <LI><a href="#[3c]">SPI2_IRQHandler</a> from stm32f10x_it.o(i.SPI2_IRQHandler) referenced from stm32f10x_vector.o(RESET)
 <LI><a href="#[4b]">SPI3_IRQHandler</a> from stm32f10x_it.o(i.SPI3_IRQHandler) referenced from stm32f10x_vector.o(RESET)
 <LI><a href="#[14]">SVCHandler</a> from stm32f10x_it.o(i.SVCHandler) referenced from stm32f10x_vector.o(RESET)
 <LI><a href="#[57]">Standard_GetConfiguration</a> from usb_core.o(i.Standard_GetConfiguration) referenced from usb_core.o(i.Data_Setup0)
 <LI><a href="#[58]">Standard_GetInterface</a> from usb_core.o(i.Standard_GetInterface) referenced from usb_core.o(i.Data_Setup0)
 <LI><a href="#[56]">Standard_GetStatus</a> from usb_core.o(i.Standard_GetStatus) referenced from usb_core.o(i.Data_Setup0)
 <LI><a href="#[17]">SysTickHandler</a> from stm32f10x_it.o(i.SysTickHandler) referenced from stm32f10x_vector.o(RESET)
 <LI><a href="#[1a]">TAMPER_IRQHandler</a> from stm32f10x_it.o(i.TAMPER_IRQHandler) referenced from stm32f10x_vector.o(RESET)
 <LI><a href="#[30]">TIM1_BRK_IRQHandler</a> from stm32f10x_it.o(i.TIM1_BRK_IRQHandler) referenced from stm32f10x_vector.o(RESET)
 <LI><a href="#[33]">TIM1_CC_IRQHandler</a> from stm32f10x_it.o(i.TIM1_CC_IRQHandler) referenced from stm32f10x_vector.o(RESET)
 <LI><a href="#[32]">TIM1_TRG_COM_IRQHandler</a> from stm32f10x_it.o(i.TIM1_TRG_COM_IRQHandler) referenced from stm32f10x_vector.o(RESET)
 <LI><a href="#[31]">TIM1_UP_IRQHandler</a> from stm32f10x_it.o(i.TIM1_UP_IRQHandler) referenced from stm32f10x_vector.o(RESET)
 <LI><a href="#[34]">TIM2_IRQHandler</a> from stm32f10x_it.o(i.TIM2_IRQHandler) referenced from stm32f10x_vector.o(RESET)
 <LI><a href="#[35]">TIM3_IRQHandler</a> from stm32f10x_it.o(i.TIM3_IRQHandler) referenced from stm32f10x_vector.o(RESET)
 <LI><a href="#[36]">TIM4_IRQHandler</a> from stm32f10x_it.o(i.TIM4_IRQHandler) referenced from stm32f10x_vector.o(RESET)
 <LI><a href="#[4a]">TIM5_IRQHandler</a> from stm32f10x_it.o(i.TIM5_IRQHandler) referenced from stm32f10x_vector.o(RESET)
 <LI><a href="#[4e]">TIM6_IRQHandler</a> from stm32f10x_it.o(i.TIM6_IRQHandler) referenced from stm32f10x_vector.o(RESET)
 <LI><a href="#[4f]">TIM7_IRQHandler</a> from stm32f10x_it.o(i.TIM7_IRQHandler) referenced from stm32f10x_vector.o(RESET)
 <LI><a href="#[43]">TIM8_BRK_IRQHandler</a> from stm32f10x_it.o(i.TIM8_BRK_IRQHandler) referenced from stm32f10x_vector.o(RESET)
 <LI><a href="#[46]">TIM8_CC_IRQHandler</a> from stm32f10x_it.o(i.TIM8_CC_IRQHandler) referenced from stm32f10x_vector.o(RESET)
 <LI><a href="#[45]">TIM8_TRG_COM_IRQHandler</a> from stm32f10x_it.o(i.TIM8_TRG_COM_IRQHandler) referenced from stm32f10x_vector.o(RESET)
 <LI><a href="#[44]">TIM8_UP_IRQHandler</a> from stm32f10x_it.o(i.TIM8_UP_IRQHandler) referenced from stm32f10x_vector.o(RESET)
 <LI><a href="#[4c]">UART4_IRQHandler</a> from stm32f10x_it.o(i.UART4_IRQHandler) referenced from stm32f10x_vector.o(RESET)
 <LI><a href="#[4d]">UART5_IRQHandler</a> from stm32f10x_it.o(i.UART5_IRQHandler) referenced from stm32f10x_vector.o(RESET)
 <LI><a href="#[3d]">USART1_IRQHandler</a> from stm32f10x_it.o(i.USART1_IRQHandler) referenced from stm32f10x_vector.o(RESET)
 <LI><a href="#[3e]">USART2_IRQHandler</a> from stm32f10x_it.o(i.USART2_IRQHandler) referenced from stm32f10x_vector.o(RESET)
 <LI><a href="#[3f]">USART3_IRQHandler</a> from stm32f10x_it.o(i.USART3_IRQHandler) referenced from stm32f10x_vector.o(RESET)
 <LI><a href="#[42]">USBWakeUp_IRQHandler</a> from stm32f10x_it.o(i.USBWakeUp_IRQHandler) referenced from stm32f10x_vector.o(RESET)
 <LI><a href="#[2b]">USB_HP_CAN_TX_IRQHandler</a> from stm32f10x_it.o(i.USB_HP_CAN_TX_IRQHandler) referenced from stm32f10x_vector.o(RESET)
 <LI><a href="#[2c]">USB_LP_CAN_RX0_IRQHandler</a> from stm32f10x_it.o(i.USB_LP_CAN_RX0_IRQHandler) referenced from stm32f10x_vector.o(RESET)
 <LI><a href="#[13]">UsageFaultException</a> from stm32f10x_it.o(i.UsageFaultException) referenced from stm32f10x_vector.o(RESET)
 <LI><a href="#[18]">WWDG_IRQHandler</a> from stm32f10x_it.o(i.WWDG_IRQHandler) referenced from stm32f10x_vector.o(RESET)
 <LI><a href="#[55]">__main</a> from entry.o(.ARM.Collect$$$$00000000) referenced from stm32f10x_vector.o(.text)
 <LI><a href="#[54]">main</a> from main.o(i.main) referenced from entry8.o(.ARM.Collect$$$$00000009)
</UL>
<P>
<H3>
Global Symbols
</H3>
<P><STRONG><a name="[55]"></a>__main</STRONG> (Thumb, 0 bytes, Stack size unknown bytes, entry.o(.ARM.Collect$$$$00000000))
<BR>[Address Reference Count : 1]<UL><LI> stm32f10x_vector.o(.text)
</UL>
<P><STRONG><a name="[c8]"></a>_main_stk</STRONG> (Thumb, 0 bytes, Stack size unknown bytes, entry2.o(.ARM.Collect$$$$00000001))

<P><STRONG><a name="[5c]"></a>_main_scatterload</STRONG> (Thumb, 0 bytes, Stack size unknown bytes, entry5.o(.ARM.Collect$$$$00000004))
<BR><BR>[Calls]<UL><LI><a href="#[5d]">&gt;&gt;</a>&nbsp;&nbsp;&nbsp;__scatterload
</UL>

<P><STRONG><a name="[5e]"></a>__main_after_scatterload</STRONG> (Thumb, 0 bytes, Stack size unknown bytes, entry5.o(.ARM.Collect$$$$00000004))
<BR><BR>[Called By]<UL><LI><a href="#[5d]">&gt;&gt;</a>&nbsp;&nbsp;&nbsp;__scatterload
</UL>

<P><STRONG><a name="[c9]"></a>_main_clock</STRONG> (Thumb, 0 bytes, Stack size unknown bytes, entry7b.o(.ARM.Collect$$$$00000008))

<P><STRONG><a name="[ca]"></a>_main_init</STRONG> (Thumb, 0 bytes, Stack size unknown bytes, entry8.o(.ARM.Collect$$$$00000009))

<P><STRONG><a name="[e]"></a>Reset_Handler</STRONG> (Thumb, 4 bytes, Stack size 0 bytes, stm32f10x_vector.o(.text))
<BR>[Address Reference Count : 1]<UL><LI> stm32f10x_vector.o(RESET)
</UL>
<P><STRONG><a name="[95]"></a>__WFI</STRONG> (Thumb, 0 bytes, Stack size unknown bytes, cortexm3_macro.o(.text))
<BR><BR>[Called By]<UL><LI><a href="#[73]">&gt;&gt;</a>&nbsp;&nbsp;&nbsp;PWR_EnterSTOPMode
</UL>

<P><STRONG><a name="[96]"></a>__WFE</STRONG> (Thumb, 0 bytes, Stack size unknown bytes, cortexm3_macro.o(.text))
<BR><BR>[Called By]<UL><LI><a href="#[73]">&gt;&gt;</a>&nbsp;&nbsp;&nbsp;PWR_EnterSTOPMode
</UL>

<P><STRONG><a name="[cb]"></a>__SEV</STRONG> (Thumb, 0 bytes, Stack size unknown bytes, cortexm3_macro.o(.text), UNUSED)

<P><STRONG><a name="[cc]"></a>__ISB</STRONG> (Thumb, 0 bytes, Stack size unknown bytes, cortexm3_macro.o(.text), UNUSED)

<P><STRONG><a name="[cd]"></a>__DSB</STRONG> (Thumb, 0 bytes, Stack size unknown bytes, cortexm3_macro.o(.text), UNUSED)

<P><STRONG><a name="[ce]"></a>__DMB</STRONG> (Thumb, 0 bytes, Stack size unknown bytes, cortexm3_macro.o(.text), UNUSED)

<P><STRONG><a name="[cf]"></a>__SVC</STRONG> (Thumb, 0 bytes, Stack size unknown bytes, cortexm3_macro.o(.text), UNUSED)

<P><STRONG><a name="[d0]"></a>__MRS_CONTROL</STRONG> (Thumb, 0 bytes, Stack size unknown bytes, cortexm3_macro.o(.text), UNUSED)

<P><STRONG><a name="[d1]"></a>__MSR_CONTROL</STRONG> (Thumb, 0 bytes, Stack size unknown bytes, cortexm3_macro.o(.text), UNUSED)

<P><STRONG><a name="[d2]"></a>__MRS_PSP</STRONG> (Thumb, 0 bytes, Stack size unknown bytes, cortexm3_macro.o(.text), UNUSED)

<P><STRONG><a name="[d3]"></a>__MSR_PSP</STRONG> (Thumb, 0 bytes, Stack size unknown bytes, cortexm3_macro.o(.text), UNUSED)

<P><STRONG><a name="[d4]"></a>__MRS_MSP</STRONG> (Thumb, 0 bytes, Stack size unknown bytes, cortexm3_macro.o(.text), UNUSED)

<P><STRONG><a name="[d5]"></a>__MSR_MSP</STRONG> (Thumb, 0 bytes, Stack size unknown bytes, cortexm3_macro.o(.text), UNUSED)

<P><STRONG><a name="[d6]"></a>__RESETPRIMASK</STRONG> (Thumb, 0 bytes, Stack size unknown bytes, cortexm3_macro.o(.text), UNUSED)

<P><STRONG><a name="[d7]"></a>__SETPRIMASK</STRONG> (Thumb, 0 bytes, Stack size unknown bytes, cortexm3_macro.o(.text), UNUSED)

<P><STRONG><a name="[d8]"></a>__READ_PRIMASK</STRONG> (Thumb, 0 bytes, Stack size unknown bytes, cortexm3_macro.o(.text), UNUSED)

<P><STRONG><a name="[d9]"></a>__SETFAULTMASK</STRONG> (Thumb, 0 bytes, Stack size unknown bytes, cortexm3_macro.o(.text), UNUSED)

<P><STRONG><a name="[da]"></a>__RESETFAULTMASK</STRONG> (Thumb, 0 bytes, Stack size unknown bytes, cortexm3_macro.o(.text), UNUSED)

<P><STRONG><a name="[db]"></a>__READ_FAULTMASK</STRONG> (Thumb, 0 bytes, Stack size unknown bytes, cortexm3_macro.o(.text), UNUSED)

<P><STRONG><a name="[dc]"></a>__BASEPRICONFIG</STRONG> (Thumb, 0 bytes, Stack size unknown bytes, cortexm3_macro.o(.text), UNUSED)

<P><STRONG><a name="[dd]"></a>__GetBASEPRI</STRONG> (Thumb, 0 bytes, Stack size unknown bytes, cortexm3_macro.o(.text), UNUSED)

<P><STRONG><a name="[de]"></a>__REV_HalfWord</STRONG> (Thumb, 0 bytes, Stack size unknown bytes, cortexm3_macro.o(.text), UNUSED)

<P><STRONG><a name="[df]"></a>__REV_Word</STRONG> (Thumb, 0 bytes, Stack size unknown bytes, cortexm3_macro.o(.text), UNUSED)

<P><STRONG><a name="[5d]"></a>__scatterload</STRONG> (Thumb, 28 bytes, Stack size 0 bytes, init.o(.text))
<BR><BR>[Calls]<UL><LI><a href="#[5e]">&gt;&gt;</a>&nbsp;&nbsp;&nbsp;__main_after_scatterload
</UL>
<BR>[Called By]<UL><LI><a href="#[5c]">&gt;&gt;</a>&nbsp;&nbsp;&nbsp;_main_scatterload
</UL>

<P><STRONG><a name="[e0]"></a>__scatterload_rt2</STRONG> (Thumb, 0 bytes, Stack size 0 bytes, init.o(.text), UNUSED)

<P><STRONG><a name="[e1]"></a>__decompress</STRONG> (Thumb, 0 bytes, Stack size unknown bytes, __dczerorl2.o(.text), UNUSED)

<P><STRONG><a name="[e2]"></a>__decompress1</STRONG> (Thumb, 92 bytes, Stack size unknown bytes, __dczerorl2.o(.text), UNUSED)

<P><STRONG><a name="[2a]"></a>ADC1_2_IRQHandler</STRONG> (Thumb, 2 bytes, Stack size 0 bytes, stm32f10x_it.o(i.ADC1_2_IRQHandler))
<BR>[Address Reference Count : 1]<UL><LI> stm32f10x_vector.o(RESET)
</UL>
<P><STRONG><a name="[47]"></a>ADC3_IRQHandler</STRONG> (Thumb, 2 bytes, Stack size 0 bytes, stm32f10x_it.o(i.ADC3_IRQHandler))
<BR>[Address Reference Count : 1]<UL><LI> stm32f10x_vector.o(RESET)
</UL>
<P><STRONG><a name="[ae]"></a>ADC_Cmd</STRONG> (Thumb, 20 bytes, Stack size 0 bytes, stm32f10x_adc.o(i.ADC_Cmd))
<BR><BR>[Called By]<UL><LI><a href="#[99]">&gt;&gt;</a>&nbsp;&nbsp;&nbsp;Set_System
</UL>

<P><STRONG><a name="[ad]"></a>ADC_DMACmd</STRONG> (Thumb, 20 bytes, Stack size 0 bytes, stm32f10x_adc.o(i.ADC_DMACmd))
<BR><BR>[Called By]<UL><LI><a href="#[99]">&gt;&gt;</a>&nbsp;&nbsp;&nbsp;Set_System
</UL>

<P><STRONG><a name="[b2]"></a>ADC_GetCalibrationStatus</STRONG> (Thumb, 14 bytes, Stack size 0 bytes, stm32f10x_adc.o(i.ADC_GetCalibrationStatus))
<BR><BR>[Called By]<UL><LI><a href="#[99]">&gt;&gt;</a>&nbsp;&nbsp;&nbsp;Set_System
</UL>

<P><STRONG><a name="[b0]"></a>ADC_GetResetCalibrationStatus</STRONG> (Thumb, 14 bytes, Stack size 0 bytes, stm32f10x_adc.o(i.ADC_GetResetCalibrationStatus))
<BR><BR>[Called By]<UL><LI><a href="#[99]">&gt;&gt;</a>&nbsp;&nbsp;&nbsp;Set_System
</UL>

<P><STRONG><a name="[ab]"></a>ADC_Init</STRONG> (Thumb, 62 bytes, Stack size 12 bytes, stm32f10x_adc.o(i.ADC_Init))
<BR><BR>[Stack]<UL><LI>Max Depth = 12<LI>Call Chain = ADC_Init
</UL>
<BR>[Called By]<UL><LI><a href="#[99]">&gt;&gt;</a>&nbsp;&nbsp;&nbsp;Set_System
</UL>

<P><STRONG><a name="[ac]"></a>ADC_RegularChannelConfig</STRONG> (Thumb, 116 bytes, Stack size 16 bytes, stm32f10x_adc.o(i.ADC_RegularChannelConfig))
<BR><BR>[Stack]<UL><LI>Max Depth = 16<LI>Call Chain = ADC_RegularChannelConfig
</UL>
<BR>[Called By]<UL><LI><a href="#[99]">&gt;&gt;</a>&nbsp;&nbsp;&nbsp;Set_System
</UL>

<P><STRONG><a name="[af]"></a>ADC_ResetCalibration</STRONG> (Thumb, 10 bytes, Stack size 0 bytes, stm32f10x_adc.o(i.ADC_ResetCalibration))
<BR><BR>[Called By]<UL><LI><a href="#[99]">&gt;&gt;</a>&nbsp;&nbsp;&nbsp;Set_System
</UL>

<P><STRONG><a name="[b3]"></a>ADC_SoftwareStartConvCmd</STRONG> (Thumb, 20 bytes, Stack size 0 bytes, stm32f10x_adc.o(i.ADC_SoftwareStartConvCmd))
<BR><BR>[Called By]<UL><LI><a href="#[99]">&gt;&gt;</a>&nbsp;&nbsp;&nbsp;Set_System
</UL>

<P><STRONG><a name="[b1]"></a>ADC_StartCalibration</STRONG> (Thumb, 10 bytes, Stack size 0 bytes, stm32f10x_adc.o(i.ADC_StartCalibration))
<BR><BR>[Called By]<UL><LI><a href="#[99]">&gt;&gt;</a>&nbsp;&nbsp;&nbsp;Set_System
</UL>

<P><STRONG><a name="[12]"></a>BusFaultException</STRONG> (Thumb, 2 bytes, Stack size 0 bytes, stm32f10x_it.o(i.BusFaultException))
<BR><BR>[Calls]<UL><LI><a href="#[12]">&gt;&gt;</a>&nbsp;&nbsp;&nbsp;BusFaultException
</UL>
<BR>[Called By]<UL><LI><a href="#[12]">&gt;&gt;</a>&nbsp;&nbsp;&nbsp;BusFaultException
</UL>
<BR>[Address Reference Count : 1]<UL><LI> stm32f10x_vector.o(RESET)
</UL>
<P><STRONG><a name="[e3]"></a>BusFault_Handler</STRONG> (Thumb, 0 bytes, Stack size 0 bytes, stm32f10x_it.o(i.BusFaultException), UNUSED)

<P><STRONG><a name="[bd]"></a>ByteSwap</STRONG> (Thumb, 10 bytes, Stack size 0 bytes, usb_regs.o(i.ByteSwap))
<BR><BR>[Called By]<UL><LI><a href="#[61]">&gt;&gt;</a>&nbsp;&nbsp;&nbsp;Setup0_Process
</UL>

<P><STRONG><a name="[2d]"></a>CAN_RX1_IRQHandler</STRONG> (Thumb, 2 bytes, Stack size 0 bytes, stm32f10x_it.o(i.CAN_RX1_IRQHandler))
<BR>[Address Reference Count : 1]<UL><LI> stm32f10x_vector.o(RESET)
</UL>
<P><STRONG><a name="[2e]"></a>CAN_SCE_IRQHandler</STRONG> (Thumb, 2 bytes, Stack size 0 bytes, stm32f10x_it.o(i.CAN_SCE_IRQHandler))
<BR>[Address Reference Count : 1]<UL><LI> stm32f10x_vector.o(RESET)
</UL>
<P><STRONG><a name="[5f]"></a>CTR_LP</STRONG> (Thumb, 328 bytes, Stack size 40 bytes, usb_int.o(i.CTR_LP))
<BR><BR>[Stack]<UL><LI>Max Depth = 128<LI>Call Chain = CTR_LP &rArr; Setup0_Process &rArr; Data_Setup0 &rArr; DataStageIn &rArr; UserToPMABufferCopy
</UL>
<BR>[Calls]<UL><LI><a href="#[61]">&gt;&gt;</a>&nbsp;&nbsp;&nbsp;Setup0_Process
<LI><a href="#[62]">&gt;&gt;</a>&nbsp;&nbsp;&nbsp;Out0_Process
<LI><a href="#[60]">&gt;&gt;</a>&nbsp;&nbsp;&nbsp;In0_Process
</UL>
<BR>[Called By]<UL><LI><a href="#[c6]">&gt;&gt;</a>&nbsp;&nbsp;&nbsp;USB_Istr
</UL>

<P><STRONG><a name="[bf]"></a>ClearDTOG_RX</STRONG> (Thumb, 30 bytes, Stack size 0 bytes, usb_regs.o(i.ClearDTOG_RX))
<BR><BR>[Called By]<UL><LI><a href="#[93]">&gt;&gt;</a>&nbsp;&nbsp;&nbsp;Standard_ClearFeature
</UL>

<P><STRONG><a name="[be]"></a>ClearDTOG_TX</STRONG> (Thumb, 30 bytes, Stack size 0 bytes, usb_regs.o(i.ClearDTOG_TX))
<BR><BR>[Called By]<UL><LI><a href="#[93]">&gt;&gt;</a>&nbsp;&nbsp;&nbsp;Standard_ClearFeature
</UL>

<P><STRONG><a name="[80]"></a>Clear_Status_Out</STRONG> (Thumb, 20 bytes, Stack size 0 bytes, usb_regs.o(i.Clear_Status_Out))
<BR><BR>[Called By]<UL><LI><a href="#[3]">&gt;&gt;</a>&nbsp;&nbsp;&nbsp;Joystick_Reset
</UL>

<P><STRONG><a name="[23]"></a>DMA1_Channel1_IRQHandler</STRONG> (Thumb, 2 bytes, Stack size 0 bytes, stm32f10x_it.o(i.DMA1_Channel1_IRQHandler))
<BR>[Address Reference Count : 1]<UL><LI> stm32f10x_vector.o(RESET)
</UL>
<P><STRONG><a name="[24]"></a>DMA1_Channel2_IRQHandler</STRONG> (Thumb, 2 bytes, Stack size 0 bytes, stm32f10x_it.o(i.DMA1_Channel2_IRQHandler))
<BR>[Address Reference Count : 1]<UL><LI> stm32f10x_vector.o(RESET)
</UL>
<P><STRONG><a name="[25]"></a>DMA1_Channel3_IRQHandler</STRONG> (Thumb, 2 bytes, Stack size 0 bytes, stm32f10x_it.o(i.DMA1_Channel3_IRQHandler))
<BR>[Address Reference Count : 1]<UL><LI> stm32f10x_vector.o(RESET)
</UL>
<P><STRONG><a name="[26]"></a>DMA1_Channel4_IRQHandler</STRONG> (Thumb, 2 bytes, Stack size 0 bytes, stm32f10x_it.o(i.DMA1_Channel4_IRQHandler))
<BR>[Address Reference Count : 1]<UL><LI> stm32f10x_vector.o(RESET)
</UL>
<P><STRONG><a name="[27]"></a>DMA1_Channel5_IRQHandler</STRONG> (Thumb, 2 bytes, Stack size 0 bytes, stm32f10x_it.o(i.DMA1_Channel5_IRQHandler))
<BR>[Address Reference Count : 1]<UL><LI> stm32f10x_vector.o(RESET)
</UL>
<P><STRONG><a name="[28]"></a>DMA1_Channel6_IRQHandler</STRONG> (Thumb, 2 bytes, Stack size 0 bytes, stm32f10x_it.o(i.DMA1_Channel6_IRQHandler))
<BR>[Address Reference Count : 1]<UL><LI> stm32f10x_vector.o(RESET)
</UL>
<P><STRONG><a name="[29]"></a>DMA1_Channel7_IRQHandler</STRONG> (Thumb, 2 bytes, Stack size 0 bytes, stm32f10x_it.o(i.DMA1_Channel7_IRQHandler))
<BR>[Address Reference Count : 1]<UL><LI> stm32f10x_vector.o(RESET)
</UL>
<P><STRONG><a name="[50]"></a>DMA2_Channel1_IRQHandler</STRONG> (Thumb, 2 bytes, Stack size 0 bytes, stm32f10x_it.o(i.DMA2_Channel1_IRQHandler))
<BR>[Address Reference Count : 1]<UL><LI> stm32f10x_vector.o(RESET)
</UL>
<P><STRONG><a name="[51]"></a>DMA2_Channel2_IRQHandler</STRONG> (Thumb, 2 bytes, Stack size 0 bytes, stm32f10x_it.o(i.DMA2_Channel2_IRQHandler))
<BR>[Address Reference Count : 1]<UL><LI> stm32f10x_vector.o(RESET)
</UL>
<P><STRONG><a name="[52]"></a>DMA2_Channel3_IRQHandler</STRONG> (Thumb, 2 bytes, Stack size 0 bytes, stm32f10x_it.o(i.DMA2_Channel3_IRQHandler))
<BR>[Address Reference Count : 1]<UL><LI> stm32f10x_vector.o(RESET)
</UL>
<P><STRONG><a name="[53]"></a>DMA2_Channel4_5_IRQHandler</STRONG> (Thumb, 2 bytes, Stack size 0 bytes, stm32f10x_it.o(i.DMA2_Channel4_5_IRQHandler))
<BR>[Address Reference Count : 1]<UL><LI> stm32f10x_vector.o(RESET)
</UL>
<P><STRONG><a name="[aa]"></a>DMA_Cmd</STRONG> (Thumb, 20 bytes, Stack size 0 bytes, stm32f10x_dma.o(i.DMA_Cmd))
<BR><BR>[Called By]<UL><LI><a href="#[99]">&gt;&gt;</a>&nbsp;&nbsp;&nbsp;Set_System
</UL>

<P><STRONG><a name="[a8]"></a>DMA_DeInit</STRONG> (Thumb, 210 bytes, Stack size 0 bytes, stm32f10x_dma.o(i.DMA_DeInit))
<BR><BR>[Called By]<UL><LI><a href="#[99]">&gt;&gt;</a>&nbsp;&nbsp;&nbsp;Set_System
</UL>

<P><STRONG><a name="[a9]"></a>DMA_Init</STRONG> (Thumb, 58 bytes, Stack size 16 bytes, stm32f10x_dma.o(i.DMA_Init))
<BR><BR>[Stack]<UL><LI>Max Depth = 16<LI>Call Chain = DMA_Init
</UL>
<BR>[Called By]<UL><LI><a href="#[99]">&gt;&gt;</a>&nbsp;&nbsp;&nbsp;Set_System
</UL>

<P><STRONG><a name="[e4]"></a>DebugMon_Handler</STRONG> (Thumb, 0 bytes, Stack size 0 bytes, stm32f10x_it.o(i.DebugMonitor), UNUSED)

<P><STRONG><a name="[15]"></a>DebugMonitor</STRONG> (Thumb, 2 bytes, Stack size 0 bytes, stm32f10x_it.o(i.DebugMonitor))
<BR>[Address Reference Count : 1]<UL><LI> stm32f10x_vector.o(RESET)
</UL>
<P><STRONG><a name="[1]"></a>EP1_OUT_Callback</STRONG> (Thumb, 86 bytes, Stack size 80 bytes, main.o(i.EP1_OUT_Callback))
<BR><BR>[Stack]<UL><LI>Max Depth = 80<LI>Call Chain = EP1_OUT_Callback
</UL>
<BR>[Calls]<UL><LI><a href="#[6e]">&gt;&gt;</a>&nbsp;&nbsp;&nbsp;SetEPRxValid
<LI><a href="#[69]">&gt;&gt;</a>&nbsp;&nbsp;&nbsp;PMAToUserBufferCopy
<LI><a href="#[6b]">&gt;&gt;</a>&nbsp;&nbsp;&nbsp;GetEPRxCount
<LI><a href="#[6d]">&gt;&gt;</a>&nbsp;&nbsp;&nbsp;GPIO_SetBits
<LI><a href="#[6c]">&gt;&gt;</a>&nbsp;&nbsp;&nbsp;GPIO_ResetBits
</UL>
<BR>[Called By]<UL><LI><a href="#[54]">&gt;&gt;</a>&nbsp;&nbsp;&nbsp;main
</UL>
<BR>[Address Reference Count : 1]<UL><LI> usb_istr.o(.data)
</UL>
<P><STRONG><a name="[1e]"></a>EXTI0_IRQHandler</STRONG> (Thumb, 2 bytes, Stack size 0 bytes, stm32f10x_it.o(i.EXTI0_IRQHandler))
<BR>[Address Reference Count : 1]<UL><LI> stm32f10x_vector.o(RESET)
</UL>
<P><STRONG><a name="[40]"></a>EXTI15_10_IRQHandler</STRONG> (Thumb, 2 bytes, Stack size 0 bytes, stm32f10x_it.o(i.EXTI15_10_IRQHandler))
<BR>[Address Reference Count : 1]<UL><LI> stm32f10x_vector.o(RESET)
</UL>
<P><STRONG><a name="[1f]"></a>EXTI1_IRQHandler</STRONG> (Thumb, 2 bytes, Stack size 0 bytes, stm32f10x_it.o(i.EXTI1_IRQHandler))
<BR>[Address Reference Count : 1]<UL><LI> stm32f10x_vector.o(RESET)
</UL>
<P><STRONG><a name="[20]"></a>EXTI2_IRQHandler</STRONG> (Thumb, 2 bytes, Stack size 0 bytes, stm32f10x_it.o(i.EXTI2_IRQHandler))
<BR>[Address Reference Count : 1]<UL><LI> stm32f10x_vector.o(RESET)
</UL>
<P><STRONG><a name="[21]"></a>EXTI3_IRQHandler</STRONG> (Thumb, 2 bytes, Stack size 0 bytes, stm32f10x_it.o(i.EXTI3_IRQHandler))
<BR>[Address Reference Count : 1]<UL><LI> stm32f10x_vector.o(RESET)
</UL>
<P><STRONG><a name="[22]"></a>EXTI4_IRQHandler</STRONG> (Thumb, 2 bytes, Stack size 0 bytes, stm32f10x_it.o(i.EXTI4_IRQHandler))
<BR>[Address Reference Count : 1]<UL><LI> stm32f10x_vector.o(RESET)
</UL>
<P><STRONG><a name="[2f]"></a>EXTI9_5_IRQHandler</STRONG> (Thumb, 44 bytes, Stack size 8 bytes, stm32f10x_it.o(i.EXTI9_5_IRQHandler))
<BR><BR>[Stack]<UL><LI>Max Depth = 60<LI>Call Chain = EXTI9_5_IRQHandler &rArr; Resume &rArr; Resume_Init &rArr; Leave_LowPowerMode &rArr; RCC_WaitForHSEStartUp
</UL>
<BR>[Calls]<UL><LI><a href="#[70]">&gt;&gt;</a>&nbsp;&nbsp;&nbsp;Resume
<LI><a href="#[6f]">&gt;&gt;</a>&nbsp;&nbsp;&nbsp;EXTI_GetITStatus
<LI><a href="#[71]">&gt;&gt;</a>&nbsp;&nbsp;&nbsp;EXTI_ClearITPendingBit
</UL>
<BR>[Address Reference Count : 1]<UL><LI> stm32f10x_vector.o(RESET)
</UL>
<P><STRONG><a name="[71]"></a>EXTI_ClearITPendingBit</STRONG> (Thumb, 6 bytes, Stack size 0 bytes, stm32f10x_exti.o(i.EXTI_ClearITPendingBit))
<BR><BR>[Called By]<UL><LI><a href="#[42]">&gt;&gt;</a>&nbsp;&nbsp;&nbsp;USBWakeUp_IRQHandler
<LI><a href="#[2f]">&gt;&gt;</a>&nbsp;&nbsp;&nbsp;EXTI9_5_IRQHandler
<LI><a href="#[99]">&gt;&gt;</a>&nbsp;&nbsp;&nbsp;Set_System
<LI><a href="#[72]">&gt;&gt;</a>&nbsp;&nbsp;&nbsp;Enter_LowPowerMode
</UL>

<P><STRONG><a name="[6f]"></a>EXTI_GetITStatus</STRONG> (Thumb, 24 bytes, Stack size 0 bytes, stm32f10x_exti.o(i.EXTI_GetITStatus))
<BR><BR>[Called By]<UL><LI><a href="#[2f]">&gt;&gt;</a>&nbsp;&nbsp;&nbsp;EXTI9_5_IRQHandler
</UL>

<P><STRONG><a name="[a7]"></a>EXTI_Init</STRONG> (Thumb, 134 bytes, Stack size 8 bytes, stm32f10x_exti.o(i.EXTI_Init))
<BR><BR>[Stack]<UL><LI>Max Depth = 8<LI>Call Chain = EXTI_Init
</UL>
<BR>[Called By]<UL><LI><a href="#[99]">&gt;&gt;</a>&nbsp;&nbsp;&nbsp;Set_System
</UL>

<P><STRONG><a name="[72]"></a>Enter_LowPowerMode</STRONG> (Thumb, 28 bytes, Stack size 8 bytes, hw_config.o(i.Enter_LowPowerMode))
<BR><BR>[Stack]<UL><LI>Max Depth = 8 + Unknown Stack Size
<LI>Call Chain = Enter_LowPowerMode
</UL>
<BR>[Calls]<UL><LI><a href="#[73]">&gt;&gt;</a>&nbsp;&nbsp;&nbsp;PWR_EnterSTOPMode
<LI><a href="#[71]">&gt;&gt;</a>&nbsp;&nbsp;&nbsp;EXTI_ClearITPendingBit
</UL>
<BR>[Called By]<UL><LI><a href="#[c0]">&gt;&gt;</a>&nbsp;&nbsp;&nbsp;Suspend
</UL>

<P><STRONG><a name="[1c]"></a>FLASH_IRQHandler</STRONG> (Thumb, 2 bytes, Stack size 0 bytes, stm32f10x_it.o(i.FLASH_IRQHandler))
<BR>[Address Reference Count : 1]<UL><LI> stm32f10x_vector.o(RESET)
</UL>
<P><STRONG><a name="[9b]"></a>FLASH_PrefetchBufferCmd</STRONG> (Thumb, 18 bytes, Stack size 0 bytes, stm32f10x_flash.o(i.FLASH_PrefetchBufferCmd))
<BR><BR>[Called By]<UL><LI><a href="#[99]">&gt;&gt;</a>&nbsp;&nbsp;&nbsp;Set_System
</UL>

<P><STRONG><a name="[9c]"></a>FLASH_SetLatency</STRONG> (Thumb, 18 bytes, Stack size 0 bytes, stm32f10x_flash.o(i.FLASH_SetLatency))
<BR><BR>[Called By]<UL><LI><a href="#[99]">&gt;&gt;</a>&nbsp;&nbsp;&nbsp;Set_System
</UL>

<P><STRONG><a name="[48]"></a>FSMC_IRQHandler</STRONG> (Thumb, 2 bytes, Stack size 0 bytes, stm32f10x_it.o(i.FSMC_IRQHandler))
<BR>[Address Reference Count : 1]<UL><LI> stm32f10x_vector.o(RESET)
</UL>
<P><STRONG><a name="[74]"></a>GPIO_AINConfig</STRONG> (Thumb, 78 bytes, Stack size 16 bytes, hw_config.o(i.GPIO_AINConfig))
<BR><BR>[Stack]<UL><LI>Max Depth = 36<LI>Call Chain = GPIO_AINConfig &rArr; GPIO_Init
</UL>
<BR>[Calls]<UL><LI><a href="#[75]">&gt;&gt;</a>&nbsp;&nbsp;&nbsp;RCC_APB2PeriphClockCmd
<LI><a href="#[76]">&gt;&gt;</a>&nbsp;&nbsp;&nbsp;GPIO_Init
</UL>
<BR>[Called By]<UL><LI><a href="#[99]">&gt;&gt;</a>&nbsp;&nbsp;&nbsp;Set_System
</UL>

<P><STRONG><a name="[a6]"></a>GPIO_EXTILineConfig</STRONG> (Thumb, 34 bytes, Stack size 8 bytes, stm32f10x_gpio.o(i.GPIO_EXTILineConfig))
<BR><BR>[Stack]<UL><LI>Max Depth = 8<LI>Call Chain = GPIO_EXTILineConfig
</UL>
<BR>[Called By]<UL><LI><a href="#[99]">&gt;&gt;</a>&nbsp;&nbsp;&nbsp;Set_System
</UL>

<P><STRONG><a name="[76]"></a>GPIO_Init</STRONG> (Thumb, 160 bytes, Stack size 20 bytes, stm32f10x_gpio.o(i.GPIO_Init))
<BR><BR>[Stack]<UL><LI>Max Depth = 20<LI>Call Chain = GPIO_Init
</UL>
<BR>[Called By]<UL><LI><a href="#[99]">&gt;&gt;</a>&nbsp;&nbsp;&nbsp;Set_System
<LI><a href="#[74]">&gt;&gt;</a>&nbsp;&nbsp;&nbsp;GPIO_AINConfig
</UL>

<P><STRONG><a name="[84]"></a>GPIO_ReadInputData</STRONG> (Thumb, 6 bytes, Stack size 0 bytes, stm32f10x_gpio.o(i.GPIO_ReadInputData))
<BR><BR>[Called By]<UL><LI><a href="#[83]">&gt;&gt;</a>&nbsp;&nbsp;&nbsp;Joystick_Send
</UL>

<P><STRONG><a name="[6c]"></a>GPIO_ResetBits</STRONG> (Thumb, 4 bytes, Stack size 0 bytes, stm32f10x_gpio.o(i.GPIO_ResetBits))
<BR><BR>[Called By]<UL><LI><a href="#[1]">&gt;&gt;</a>&nbsp;&nbsp;&nbsp;EP1_OUT_Callback
<LI><a href="#[97]">&gt;&gt;</a>&nbsp;&nbsp;&nbsp;USB_Cable_Config
</UL>

<P><STRONG><a name="[6d]"></a>GPIO_SetBits</STRONG> (Thumb, 4 bytes, Stack size 0 bytes, stm32f10x_gpio.o(i.GPIO_SetBits))
<BR><BR>[Called By]<UL><LI><a href="#[1]">&gt;&gt;</a>&nbsp;&nbsp;&nbsp;EP1_OUT_Callback
<LI><a href="#[97]">&gt;&gt;</a>&nbsp;&nbsp;&nbsp;USB_Cable_Config
</UL>

<P><STRONG><a name="[68]"></a>GetEPRxAddr</STRONG> (Thumb, 22 bytes, Stack size 0 bytes, usb_regs.o(i.GetEPRxAddr))
<BR><BR>[Called By]<UL><LI><a href="#[67]">&gt;&gt;</a>&nbsp;&nbsp;&nbsp;DataStageOut
</UL>

<P><STRONG><a name="[6b]"></a>GetEPRxCount</STRONG> (Thumb, 24 bytes, Stack size 0 bytes, usb_regs.o(i.GetEPRxCount))
<BR><BR>[Called By]<UL><LI><a href="#[1]">&gt;&gt;</a>&nbsp;&nbsp;&nbsp;EP1_OUT_Callback
</UL>

<P><STRONG><a name="[64]"></a>GetEPTxAddr</STRONG> (Thumb, 20 bytes, Stack size 0 bytes, usb_regs.o(i.GetEPTxAddr))
<BR><BR>[Called By]<UL><LI><a href="#[83]">&gt;&gt;</a>&nbsp;&nbsp;&nbsp;Joystick_Send
<LI><a href="#[63]">&gt;&gt;</a>&nbsp;&nbsp;&nbsp;DataStageIn
</UL>

<P><STRONG><a name="[86]"></a>Get_SerialNum</STRONG> (Thumb, 64 bytes, Stack size 8 bytes, hw_config.o(i.Get_SerialNum))
<BR><BR>[Stack]<UL><LI>Max Depth = 8<LI>Call Chain = Get_SerialNum
</UL>
<BR>[Called By]<UL><LI><a href="#[2]">&gt;&gt;</a>&nbsp;&nbsp;&nbsp;Joystick_init
</UL>

<P><STRONG><a name="[10]"></a>HardFaultException</STRONG> (Thumb, 2 bytes, Stack size 0 bytes, stm32f10x_it.o(i.HardFaultException))
<BR><BR>[Calls]<UL><LI><a href="#[10]">&gt;&gt;</a>&nbsp;&nbsp;&nbsp;HardFaultException
</UL>
<BR>[Called By]<UL><LI><a href="#[10]">&gt;&gt;</a>&nbsp;&nbsp;&nbsp;HardFaultException
</UL>
<BR>[Address Reference Count : 1]<UL><LI> stm32f10x_vector.o(RESET)
</UL>
<P><STRONG><a name="[e5]"></a>HardFault_Handler</STRONG> (Thumb, 0 bytes, Stack size 0 bytes, stm32f10x_it.o(i.HardFaultException), UNUSED)

<P><STRONG><a name="[38]"></a>I2C1_ER_IRQHandler</STRONG> (Thumb, 2 bytes, Stack size 0 bytes, stm32f10x_it.o(i.I2C1_ER_IRQHandler))
<BR>[Address Reference Count : 1]<UL><LI> stm32f10x_vector.o(RESET)
</UL>
<P><STRONG><a name="[37]"></a>I2C1_EV_IRQHandler</STRONG> (Thumb, 2 bytes, Stack size 0 bytes, stm32f10x_it.o(i.I2C1_EV_IRQHandler))
<BR>[Address Reference Count : 1]<UL><LI> stm32f10x_vector.o(RESET)
</UL>
<P><STRONG><a name="[3a]"></a>I2C2_ER_IRQHandler</STRONG> (Thumb, 2 bytes, Stack size 0 bytes, stm32f10x_it.o(i.I2C2_ER_IRQHandler))
<BR>[Address Reference Count : 1]<UL><LI> stm32f10x_vector.o(RESET)
</UL>
<P><STRONG><a name="[39]"></a>I2C2_EV_IRQHandler</STRONG> (Thumb, 2 bytes, Stack size 0 bytes, stm32f10x_it.o(i.I2C2_EV_IRQHandler))
<BR>[Address Reference Count : 1]<UL><LI> stm32f10x_vector.o(RESET)
</UL>
<P><STRONG><a name="[60]"></a>In0_Process</STRONG> (Thumb, 80 bytes, Stack size 8 bytes, usb_core.o(i.In0_Process))
<BR><BR>[Stack]<UL><LI>Max Depth = 56<LI>Call Chain = In0_Process &rArr; DataStageIn &rArr; UserToPMABufferCopy
</UL>
<BR>[Calls]<UL><LI><a href="#[78]">&gt;&gt;</a>&nbsp;&nbsp;&nbsp;Post0_Process
<LI><a href="#[63]">&gt;&gt;</a>&nbsp;&nbsp;&nbsp;DataStageIn
<LI><a href="#[77]">&gt;&gt;</a>&nbsp;&nbsp;&nbsp;SetDeviceAddress
</UL>
<BR>[Called By]<UL><LI><a href="#[5f]">&gt;&gt;</a>&nbsp;&nbsp;&nbsp;CTR_LP
</UL>

<P><STRONG><a name="[6]"></a>Joystick_Data_Setup</STRONG> (Thumb, 74 bytes, Stack size 8 bytes, usb_prop.o(i.Joystick_Data_Setup))
<BR><BR>[Stack]<UL><LI>Max Depth = 8<LI>Call Chain = Joystick_Data_Setup
</UL>
<BR>[Address Reference Count : 1]<UL><LI> usb_prop.o(.data)
</UL>
<P><STRONG><a name="[a]"></a>Joystick_GetConfigDescriptor</STRONG> (Thumb, 6 bytes, Stack size 0 bytes, usb_prop.o(i.Joystick_GetConfigDescriptor))
<BR><BR>[Calls]<UL><LI><a href="#[79]">&gt;&gt;</a>&nbsp;&nbsp;&nbsp;Standard_GetDescriptorData
</UL>
<BR>[Address Reference Count : 1]<UL><LI> usb_prop.o(.data)
</UL>
<P><STRONG><a name="[9]"></a>Joystick_GetDeviceDescriptor</STRONG> (Thumb, 6 bytes, Stack size 0 bytes, usb_prop.o(i.Joystick_GetDeviceDescriptor))
<BR><BR>[Calls]<UL><LI><a href="#[79]">&gt;&gt;</a>&nbsp;&nbsp;&nbsp;Standard_GetDescriptorData
</UL>
<BR>[Address Reference Count : 1]<UL><LI> usb_prop.o(.data)
</UL>
<P><STRONG><a name="[5a]"></a>Joystick_GetHIDDescriptor</STRONG> (Thumb, 6 bytes, Stack size 0 bytes, usb_prop.o(i.Joystick_GetHIDDescriptor))
<BR><BR>[Calls]<UL><LI><a href="#[79]">&gt;&gt;</a>&nbsp;&nbsp;&nbsp;Standard_GetDescriptorData
</UL>
<BR>[Address Reference Count : 1]<UL><LI> usb_prop.o(i.Joystick_Data_Setup)
</UL>
<P><STRONG><a name="[5b]"></a>Joystick_GetProtocolValue</STRONG> (Thumb, 18 bytes, Stack size 0 bytes, usb_prop.o(i.Joystick_GetProtocolValue))
<BR>[Address Reference Count : 1]<UL><LI> usb_prop.o(i.Joystick_Data_Setup)
</UL>
<P><STRONG><a name="[59]"></a>Joystick_GetReportDescriptor</STRONG> (Thumb, 6 bytes, Stack size 0 bytes, usb_prop.o(i.Joystick_GetReportDescriptor))
<BR><BR>[Calls]<UL><LI><a href="#[79]">&gt;&gt;</a>&nbsp;&nbsp;&nbsp;Standard_GetDescriptorData
</UL>
<BR>[Address Reference Count : 1]<UL><LI> usb_prop.o(i.Joystick_Data_Setup)
</UL>
<P><STRONG><a name="[b]"></a>Joystick_GetStringDescriptor</STRONG> (Thumb, 24 bytes, Stack size 0 bytes, usb_prop.o(i.Joystick_GetStringDescriptor))
<BR><BR>[Calls]<UL><LI><a href="#[79]">&gt;&gt;</a>&nbsp;&nbsp;&nbsp;Standard_GetDescriptorData
</UL>
<BR>[Address Reference Count : 1]<UL><LI> usb_prop.o(.data)
</UL>
<P><STRONG><a name="[8]"></a>Joystick_Get_Interface_Setting</STRONG> (Thumb, 10 bytes, Stack size 0 bytes, usb_prop.o(i.Joystick_Get_Interface_Setting))
<BR>[Address Reference Count : 1]<UL><LI> usb_prop.o(.data)
</UL>
<P><STRONG><a name="[7]"></a>Joystick_NoData_Setup</STRONG> (Thumb, 26 bytes, Stack size 0 bytes, usb_prop.o(i.Joystick_NoData_Setup))
<BR><BR>[Calls]<UL><LI><a href="#[7a]">&gt;&gt;</a>&nbsp;&nbsp;&nbsp;Joystick_SetProtocol
</UL>
<BR>[Address Reference Count : 1]<UL><LI> usb_prop.o(.data)
</UL>
<P><STRONG><a name="[3]"></a>Joystick_Reset</STRONG> (Thumb, 160 bytes, Stack size 8 bytes, usb_prop.o(i.Joystick_Reset))
<BR><BR>[Stack]<UL><LI>Max Depth = 28<LI>Call Chain = Joystick_Reset &rArr; SetDeviceAddress
</UL>
<BR>[Calls]<UL><LI><a href="#[6e]">&gt;&gt;</a>&nbsp;&nbsp;&nbsp;SetEPRxValid
<LI><a href="#[7c]">&gt;&gt;</a>&nbsp;&nbsp;&nbsp;SetEPType
<LI><a href="#[7d]">&gt;&gt;</a>&nbsp;&nbsp;&nbsp;SetEPTxStatus
<LI><a href="#[66]">&gt;&gt;</a>&nbsp;&nbsp;&nbsp;SetEPTxCount
<LI><a href="#[7f]">&gt;&gt;</a>&nbsp;&nbsp;&nbsp;SetEPTxAddr
<LI><a href="#[82]">&gt;&gt;</a>&nbsp;&nbsp;&nbsp;SetEPRxStatus
<LI><a href="#[81]">&gt;&gt;</a>&nbsp;&nbsp;&nbsp;SetEPRxCount
<LI><a href="#[7e]">&gt;&gt;</a>&nbsp;&nbsp;&nbsp;SetEPRxAddr
<LI><a href="#[77]">&gt;&gt;</a>&nbsp;&nbsp;&nbsp;SetDeviceAddress
<LI><a href="#[7b]">&gt;&gt;</a>&nbsp;&nbsp;&nbsp;SetBTABLE
<LI><a href="#[80]">&gt;&gt;</a>&nbsp;&nbsp;&nbsp;Clear_Status_Out
</UL>
<BR>[Address Reference Count : 1]<UL><LI> usb_prop.o(.data)
</UL>
<P><STRONG><a name="[83]"></a>Joystick_Send</STRONG> (Thumb, 120 bytes, Stack size 24 bytes, hw_config.o(i.Joystick_Send))
<BR><BR>[Stack]<UL><LI>Max Depth = 32<LI>Call Chain = Joystick_Send &rArr; UserToPMABufferCopy
</UL>
<BR>[Calls]<UL><LI><a href="#[65]">&gt;&gt;</a>&nbsp;&nbsp;&nbsp;UserToPMABufferCopy
<LI><a href="#[85]">&gt;&gt;</a>&nbsp;&nbsp;&nbsp;SetEPTxValid
<LI><a href="#[64]">&gt;&gt;</a>&nbsp;&nbsp;&nbsp;GetEPTxAddr
<LI><a href="#[84]">&gt;&gt;</a>&nbsp;&nbsp;&nbsp;GPIO_ReadInputData
</UL>
<BR>[Called By]<UL><LI><a href="#[54]">&gt;&gt;</a>&nbsp;&nbsp;&nbsp;main
</UL>

<P><STRONG><a name="[c]"></a>Joystick_SetConfiguration</STRONG> (Thumb, 16 bytes, Stack size 0 bytes, usb_prop.o(i.Joystick_SetConfiguration))
<BR>[Address Reference Count : 1]<UL><LI> usb_prop.o(.data)
</UL>
<P><STRONG><a name="[d]"></a>Joystick_SetDeviceAddress</STRONG> (Thumb, 8 bytes, Stack size 0 bytes, usb_prop.o(i.Joystick_SetDeviceAddress))
<BR>[Address Reference Count : 1]<UL><LI> usb_prop.o(.data)
</UL>
<P><STRONG><a name="[7a]"></a>Joystick_SetProtocol</STRONG> (Thumb, 14 bytes, Stack size 0 bytes, usb_prop.o(i.Joystick_SetProtocol))
<BR><BR>[Called By]<UL><LI><a href="#[7]">&gt;&gt;</a>&nbsp;&nbsp;&nbsp;Joystick_NoData_Setup
</UL>

<P><STRONG><a name="[4]"></a>Joystick_Status_In</STRONG> (Thumb, 2 bytes, Stack size 0 bytes, usb_prop.o(i.Joystick_Status_In))
<BR>[Address Reference Count : 1]<UL><LI> usb_prop.o(.data)
</UL>
<P><STRONG><a name="[5]"></a>Joystick_Status_Out</STRONG> (Thumb, 2 bytes, Stack size 0 bytes, usb_prop.o(i.Joystick_Status_Out))
<BR>[Address Reference Count : 1]<UL><LI> usb_prop.o(.data)
</UL>
<P><STRONG><a name="[2]"></a>Joystick_init</STRONG> (Thumb, 42 bytes, Stack size 8 bytes, usb_prop.o(i.Joystick_init))
<BR><BR>[Stack]<UL><LI>Max Depth = 16<LI>Call Chain = Joystick_init &rArr; Get_SerialNum
</UL>
<BR>[Calls]<UL><LI><a href="#[86]">&gt;&gt;</a>&nbsp;&nbsp;&nbsp;Get_SerialNum
<LI><a href="#[87]">&gt;&gt;</a>&nbsp;&nbsp;&nbsp;PowerOn
</UL>
<BR>[Address Reference Count : 1]<UL><LI> usb_prop.o(.data)
</UL>
<P><STRONG><a name="[88]"></a>Leave_LowPowerMode</STRONG> (Thumb, 84 bytes, Stack size 16 bytes, hw_config.o(i.Leave_LowPowerMode))
<BR><BR>[Stack]<UL><LI>Max Depth = 28<LI>Call Chain = Leave_LowPowerMode &rArr; RCC_WaitForHSEStartUp
</UL>
<BR>[Calls]<UL><LI><a href="#[8a]">&gt;&gt;</a>&nbsp;&nbsp;&nbsp;RCC_WaitForHSEStartUp
<LI><a href="#[8d]">&gt;&gt;</a>&nbsp;&nbsp;&nbsp;RCC_SYSCLKConfig
<LI><a href="#[8c]">&gt;&gt;</a>&nbsp;&nbsp;&nbsp;RCC_PLLCmd
<LI><a href="#[89]">&gt;&gt;</a>&nbsp;&nbsp;&nbsp;RCC_HSEConfig
<LI><a href="#[8e]">&gt;&gt;</a>&nbsp;&nbsp;&nbsp;RCC_GetSYSCLKSource
<LI><a href="#[8b]">&gt;&gt;</a>&nbsp;&nbsp;&nbsp;RCC_GetFlagStatus
</UL>
<BR>[Called By]<UL><LI><a href="#[98]">&gt;&gt;</a>&nbsp;&nbsp;&nbsp;Resume_Init
</UL>

<P><STRONG><a name="[11]"></a>MemManageException</STRONG> (Thumb, 2 bytes, Stack size 0 bytes, stm32f10x_it.o(i.MemManageException))
<BR><BR>[Calls]<UL><LI><a href="#[11]">&gt;&gt;</a>&nbsp;&nbsp;&nbsp;MemManageException
</UL>
<BR>[Called By]<UL><LI><a href="#[11]">&gt;&gt;</a>&nbsp;&nbsp;&nbsp;MemManageException
</UL>
<BR>[Address Reference Count : 1]<UL><LI> stm32f10x_vector.o(RESET)
</UL>
<P><STRONG><a name="[e6]"></a>MemManage_Handler</STRONG> (Thumb, 0 bytes, Stack size 0 bytes, stm32f10x_it.o(i.MemManageException), UNUSED)

<P><STRONG><a name="[f]"></a>NMIException</STRONG> (Thumb, 2 bytes, Stack size 0 bytes, stm32f10x_it.o(i.NMIException))
<BR>[Address Reference Count : 1]<UL><LI> stm32f10x_vector.o(RESET)
</UL>
<P><STRONG><a name="[e7]"></a>NMI_Handler</STRONG> (Thumb, 0 bytes, Stack size 0 bytes, stm32f10x_it.o(i.NMIException), UNUSED)

<P><STRONG><a name="[0]"></a>NOP_Process</STRONG> (Thumb, 2 bytes, Stack size 0 bytes, usb_core.o(i.NOP_Process))
<BR>[Address Reference Count : 3]<UL><LI> usb_prop.o(.data)
<LI> usb_istr.o(.data)
<LI> usb_istr.o(.data)
</UL>
<P><STRONG><a name="[c5]"></a>NVIC_Init</STRONG> (Thumb, 116 bytes, Stack size 20 bytes, stm32f10x_nvic.o(i.NVIC_Init))
<BR><BR>[Stack]<UL><LI>Max Depth = 20<LI>Call Chain = NVIC_Init
</UL>
<BR>[Called By]<UL><LI><a href="#[c2]">&gt;&gt;</a>&nbsp;&nbsp;&nbsp;USB_Interrupts_Config
</UL>

<P><STRONG><a name="[c4]"></a>NVIC_PriorityGroupConfig</STRONG> (Thumb, 10 bytes, Stack size 0 bytes, stm32f10x_nvic.o(i.NVIC_PriorityGroupConfig))
<BR><BR>[Called By]<UL><LI><a href="#[c2]">&gt;&gt;</a>&nbsp;&nbsp;&nbsp;USB_Interrupts_Config
</UL>

<P><STRONG><a name="[c3]"></a>NVIC_SetVectorTable</STRONG> (Thumb, 12 bytes, Stack size 0 bytes, stm32f10x_nvic.o(i.NVIC_SetVectorTable))
<BR><BR>[Called By]<UL><LI><a href="#[c2]">&gt;&gt;</a>&nbsp;&nbsp;&nbsp;USB_Interrupts_Config
</UL>

<P><STRONG><a name="[62]"></a>Out0_Process</STRONG> (Thumb, 54 bytes, Stack size 8 bytes, usb_core.o(i.Out0_Process))
<BR><BR>[Stack]<UL><LI>Max Depth = 40<LI>Call Chain = Out0_Process &rArr; DataStageOut
</UL>
<BR>[Calls]<UL><LI><a href="#[78]">&gt;&gt;</a>&nbsp;&nbsp;&nbsp;Post0_Process
<LI><a href="#[67]">&gt;&gt;</a>&nbsp;&nbsp;&nbsp;DataStageOut
</UL>
<BR>[Called By]<UL><LI><a href="#[5f]">&gt;&gt;</a>&nbsp;&nbsp;&nbsp;CTR_LP
</UL>

<P><STRONG><a name="[69]"></a>PMAToUserBufferCopy</STRONG> (Thumb, 24 bytes, Stack size 0 bytes, usb_mem.o(i.PMAToUserBufferCopy))
<BR><BR>[Called By]<UL><LI><a href="#[1]">&gt;&gt;</a>&nbsp;&nbsp;&nbsp;EP1_OUT_Callback
<LI><a href="#[67]">&gt;&gt;</a>&nbsp;&nbsp;&nbsp;DataStageOut
</UL>

<P><STRONG><a name="[19]"></a>PVD_IRQHandler</STRONG> (Thumb, 2 bytes, Stack size 0 bytes, stm32f10x_it.o(i.PVD_IRQHandler))
<BR>[Address Reference Count : 1]<UL><LI> stm32f10x_vector.o(RESET)
</UL>
<P><STRONG><a name="[73]"></a>PWR_EnterSTOPMode</STRONG> (Thumb, 34 bytes, Stack size 0 bytes, stm32f10x_pwr.o(i.PWR_EnterSTOPMode))
<BR><BR>[Calls]<UL><LI><a href="#[95]">&gt;&gt;</a>&nbsp;&nbsp;&nbsp;__WFI
<LI><a href="#[96]">&gt;&gt;</a>&nbsp;&nbsp;&nbsp;__WFE
</UL>
<BR>[Called By]<UL><LI><a href="#[72]">&gt;&gt;</a>&nbsp;&nbsp;&nbsp;Enter_LowPowerMode
</UL>

<P><STRONG><a name="[16]"></a>PendSVC</STRONG> (Thumb, 2 bytes, Stack size 0 bytes, stm32f10x_it.o(i.PendSVC))
<BR>[Address Reference Count : 1]<UL><LI> stm32f10x_vector.o(RESET)
</UL>
<P><STRONG><a name="[e8]"></a>PendSV_Handler</STRONG> (Thumb, 0 bytes, Stack size 0 bytes, stm32f10x_it.o(i.PendSVC), UNUSED)

<P><STRONG><a name="[78]"></a>Post0_Process</STRONG> (Thumb, 52 bytes, Stack size 8 bytes, usb_core.o(i.Post0_Process))
<BR><BR>[Stack]<UL><LI>Max Depth = 8<LI>Call Chain = Post0_Process
</UL>
<BR>[Calls]<UL><LI><a href="#[81]">&gt;&gt;</a>&nbsp;&nbsp;&nbsp;SetEPRxCount
</UL>
<BR>[Called By]<UL><LI><a href="#[61]">&gt;&gt;</a>&nbsp;&nbsp;&nbsp;Setup0_Process
<LI><a href="#[62]">&gt;&gt;</a>&nbsp;&nbsp;&nbsp;Out0_Process
<LI><a href="#[60]">&gt;&gt;</a>&nbsp;&nbsp;&nbsp;In0_Process
</UL>

<P><STRONG><a name="[87]"></a>PowerOn</STRONG> (Thumb, 36 bytes, Stack size 8 bytes, usb_pwr.o(i.PowerOn))
<BR><BR>[Stack]<UL><LI>Max Depth = 8<LI>Call Chain = PowerOn
</UL>
<BR>[Calls]<UL><LI><a href="#[97]">&gt;&gt;</a>&nbsp;&nbsp;&nbsp;USB_Cable_Config
</UL>
<BR>[Called By]<UL><LI><a href="#[2]">&gt;&gt;</a>&nbsp;&nbsp;&nbsp;Joystick_init
</UL>

<P><STRONG><a name="[a5]"></a>RCC_ADCCLKConfig</STRONG> (Thumb, 14 bytes, Stack size 0 bytes, stm32f10x_rcc.o(i.RCC_ADCCLKConfig))
<BR><BR>[Called By]<UL><LI><a href="#[99]">&gt;&gt;</a>&nbsp;&nbsp;&nbsp;Set_System
</UL>

<P><STRONG><a name="[a4]"></a>RCC_AHBPeriphClockCmd</STRONG> (Thumb, 18 bytes, Stack size 0 bytes, stm32f10x_rcc.o(i.RCC_AHBPeriphClockCmd))
<BR><BR>[Called By]<UL><LI><a href="#[99]">&gt;&gt;</a>&nbsp;&nbsp;&nbsp;Set_System
</UL>

<P><STRONG><a name="[a1]"></a>RCC_APB1PeriphClockCmd</STRONG> (Thumb, 18 bytes, Stack size 0 bytes, stm32f10x_rcc.o(i.RCC_APB1PeriphClockCmd))
<BR><BR>[Called By]<UL><LI><a href="#[bb]">&gt;&gt;</a>&nbsp;&nbsp;&nbsp;Set_USBClock
<LI><a href="#[99]">&gt;&gt;</a>&nbsp;&nbsp;&nbsp;Set_System
</UL>

<P><STRONG><a name="[75]"></a>RCC_APB2PeriphClockCmd</STRONG> (Thumb, 18 bytes, Stack size 0 bytes, stm32f10x_rcc.o(i.RCC_APB2PeriphClockCmd))
<BR><BR>[Called By]<UL><LI><a href="#[99]">&gt;&gt;</a>&nbsp;&nbsp;&nbsp;Set_System
<LI><a href="#[74]">&gt;&gt;</a>&nbsp;&nbsp;&nbsp;GPIO_AINConfig
</UL>

<P><STRONG><a name="[9a]"></a>RCC_DeInit</STRONG> (Thumb, 48 bytes, Stack size 0 bytes, stm32f10x_rcc.o(i.RCC_DeInit))
<BR><BR>[Called By]<UL><LI><a href="#[99]">&gt;&gt;</a>&nbsp;&nbsp;&nbsp;Set_System
</UL>

<P><STRONG><a name="[c1]"></a>RCC_GetClocksFreq</STRONG> (Thumb, 132 bytes, Stack size 12 bytes, stm32f10x_rcc.o(i.RCC_GetClocksFreq))
<BR><BR>[Stack]<UL><LI>Max Depth = 12<LI>Call Chain = RCC_GetClocksFreq
</UL>
<BR>[Called By]<UL><LI><a href="#[a2]">&gt;&gt;</a>&nbsp;&nbsp;&nbsp;USART_Init
</UL>

<P><STRONG><a name="[8b]"></a>RCC_GetFlagStatus</STRONG> (Thumb, 42 bytes, Stack size 0 bytes, stm32f10x_rcc.o(i.RCC_GetFlagStatus))
<BR><BR>[Called By]<UL><LI><a href="#[8a]">&gt;&gt;</a>&nbsp;&nbsp;&nbsp;RCC_WaitForHSEStartUp
<LI><a href="#[99]">&gt;&gt;</a>&nbsp;&nbsp;&nbsp;Set_System
<LI><a href="#[88]">&gt;&gt;</a>&nbsp;&nbsp;&nbsp;Leave_LowPowerMode
</UL>

<P><STRONG><a name="[8e]"></a>RCC_GetSYSCLKSource</STRONG> (Thumb, 10 bytes, Stack size 0 bytes, stm32f10x_rcc.o(i.RCC_GetSYSCLKSource))
<BR><BR>[Called By]<UL><LI><a href="#[99]">&gt;&gt;</a>&nbsp;&nbsp;&nbsp;Set_System
<LI><a href="#[88]">&gt;&gt;</a>&nbsp;&nbsp;&nbsp;Leave_LowPowerMode
</UL>

<P><STRONG><a name="[9d]"></a>RCC_HCLKConfig</STRONG> (Thumb, 14 bytes, Stack size 0 bytes, stm32f10x_rcc.o(i.RCC_HCLKConfig))
<BR><BR>[Called By]<UL><LI><a href="#[99]">&gt;&gt;</a>&nbsp;&nbsp;&nbsp;Set_System
</UL>

<P><STRONG><a name="[89]"></a>RCC_HSEConfig</STRONG> (Thumb, 48 bytes, Stack size 0 bytes, stm32f10x_rcc.o(i.RCC_HSEConfig))
<BR><BR>[Called By]<UL><LI><a href="#[99]">&gt;&gt;</a>&nbsp;&nbsp;&nbsp;Set_System
<LI><a href="#[88]">&gt;&gt;</a>&nbsp;&nbsp;&nbsp;Leave_LowPowerMode
</UL>

<P><STRONG><a name="[1d]"></a>RCC_IRQHandler</STRONG> (Thumb, 2 bytes, Stack size 0 bytes, stm32f10x_it.o(i.RCC_IRQHandler))
<BR>[Address Reference Count : 1]<UL><LI> stm32f10x_vector.o(RESET)
</UL>
<P><STRONG><a name="[9f]"></a>RCC_PCLK1Config</STRONG> (Thumb, 14 bytes, Stack size 0 bytes, stm32f10x_rcc.o(i.RCC_PCLK1Config))
<BR><BR>[Called By]<UL><LI><a href="#[99]">&gt;&gt;</a>&nbsp;&nbsp;&nbsp;Set_System
</UL>

<P><STRONG><a name="[9e]"></a>RCC_PCLK2Config</STRONG> (Thumb, 16 bytes, Stack size 0 bytes, stm32f10x_rcc.o(i.RCC_PCLK2Config))
<BR><BR>[Called By]<UL><LI><a href="#[99]">&gt;&gt;</a>&nbsp;&nbsp;&nbsp;Set_System
</UL>

<P><STRONG><a name="[8c]"></a>RCC_PLLCmd</STRONG> (Thumb, 6 bytes, Stack size 0 bytes, stm32f10x_rcc.o(i.RCC_PLLCmd))
<BR><BR>[Called By]<UL><LI><a href="#[99]">&gt;&gt;</a>&nbsp;&nbsp;&nbsp;Set_System
<LI><a href="#[88]">&gt;&gt;</a>&nbsp;&nbsp;&nbsp;Leave_LowPowerMode
</UL>

<P><STRONG><a name="[a0]"></a>RCC_PLLConfig</STRONG> (Thumb, 16 bytes, Stack size 0 bytes, stm32f10x_rcc.o(i.RCC_PLLConfig))
<BR><BR>[Called By]<UL><LI><a href="#[99]">&gt;&gt;</a>&nbsp;&nbsp;&nbsp;Set_System
</UL>

<P><STRONG><a name="[8d]"></a>RCC_SYSCLKConfig</STRONG> (Thumb, 14 bytes, Stack size 0 bytes, stm32f10x_rcc.o(i.RCC_SYSCLKConfig))
<BR><BR>[Called By]<UL><LI><a href="#[99]">&gt;&gt;</a>&nbsp;&nbsp;&nbsp;Set_System
<LI><a href="#[88]">&gt;&gt;</a>&nbsp;&nbsp;&nbsp;Leave_LowPowerMode
</UL>

<P><STRONG><a name="[bc]"></a>RCC_USBCLKConfig</STRONG> (Thumb, 6 bytes, Stack size 0 bytes, stm32f10x_rcc.o(i.RCC_USBCLKConfig))
<BR><BR>[Called By]<UL><LI><a href="#[bb]">&gt;&gt;</a>&nbsp;&nbsp;&nbsp;Set_USBClock
</UL>

<P><STRONG><a name="[8a]"></a>RCC_WaitForHSEStartUp</STRONG> (Thumb, 46 bytes, Stack size 12 bytes, stm32f10x_rcc.o(i.RCC_WaitForHSEStartUp))
<BR><BR>[Stack]<UL><LI>Max Depth = 12<LI>Call Chain = RCC_WaitForHSEStartUp
</UL>
<BR>[Calls]<UL><LI><a href="#[8b]">&gt;&gt;</a>&nbsp;&nbsp;&nbsp;RCC_GetFlagStatus
</UL>
<BR>[Called By]<UL><LI><a href="#[99]">&gt;&gt;</a>&nbsp;&nbsp;&nbsp;Set_System
<LI><a href="#[88]">&gt;&gt;</a>&nbsp;&nbsp;&nbsp;Leave_LowPowerMode
</UL>

<P><STRONG><a name="[41]"></a>RTCAlarm_IRQHandler</STRONG> (Thumb, 2 bytes, Stack size 0 bytes, stm32f10x_it.o(i.RTCAlarm_IRQHandler))
<BR>[Address Reference Count : 1]<UL><LI> stm32f10x_vector.o(RESET)
</UL>
<P><STRONG><a name="[1b]"></a>RTC_IRQHandler</STRONG> (Thumb, 2 bytes, Stack size 0 bytes, stm32f10x_it.o(i.RTC_IRQHandler))
<BR>[Address Reference Count : 1]<UL><LI> stm32f10x_vector.o(RESET)
</UL>
<P><STRONG><a name="[70]"></a>Resume</STRONG> (Thumb, 116 bytes, Stack size 16 bytes, usb_pwr.o(i.Resume))
<BR><BR>[Stack]<UL><LI>Max Depth = 52<LI>Call Chain = Resume &rArr; Resume_Init &rArr; Leave_LowPowerMode &rArr; RCC_WaitForHSEStartUp
</UL>
<BR>[Calls]<UL><LI><a href="#[98]">&gt;&gt;</a>&nbsp;&nbsp;&nbsp;Resume_Init
</UL>
<BR>[Called By]<UL><LI><a href="#[c6]">&gt;&gt;</a>&nbsp;&nbsp;&nbsp;USB_Istr
<LI><a href="#[2f]">&gt;&gt;</a>&nbsp;&nbsp;&nbsp;EXTI9_5_IRQHandler
</UL>

<P><STRONG><a name="[98]"></a>Resume_Init</STRONG> (Thumb, 26 bytes, Stack size 8 bytes, usb_pwr.o(i.Resume_Init))
<BR><BR>[Stack]<UL><LI>Max Depth = 36<LI>Call Chain = Resume_Init &rArr; Leave_LowPowerMode &rArr; RCC_WaitForHSEStartUp
</UL>
<BR>[Calls]<UL><LI><a href="#[88]">&gt;&gt;</a>&nbsp;&nbsp;&nbsp;Leave_LowPowerMode
</UL>
<BR>[Called By]<UL><LI><a href="#[70]">&gt;&gt;</a>&nbsp;&nbsp;&nbsp;Resume
</UL>

<P><STRONG><a name="[49]"></a>SDIO_IRQHandler</STRONG> (Thumb, 2 bytes, Stack size 0 bytes, stm32f10x_it.o(i.SDIO_IRQHandler))
<BR>[Address Reference Count : 1]<UL><LI> stm32f10x_vector.o(RESET)
</UL>
<P><STRONG><a name="[3b]"></a>SPI1_IRQHandler</STRONG> (Thumb, 2 bytes, Stack size 0 bytes, stm32f10x_it.o(i.SPI1_IRQHandler))
<BR>[Address Reference Count : 1]<UL><LI> stm32f10x_vector.o(RESET)
</UL>
<P><STRONG><a name="[3c]"></a>SPI2_IRQHandler</STRONG> (Thumb, 2 bytes, Stack size 0 bytes, stm32f10x_it.o(i.SPI2_IRQHandler))
<BR>[Address Reference Count : 1]<UL><LI> stm32f10x_vector.o(RESET)
</UL>
<P><STRONG><a name="[4b]"></a>SPI3_IRQHandler</STRONG> (Thumb, 2 bytes, Stack size 0 bytes, stm32f10x_it.o(i.SPI3_IRQHandler))
<BR>[Address Reference Count : 1]<UL><LI> stm32f10x_vector.o(RESET)
</UL>
<P><STRONG><a name="[14]"></a>SVCHandler</STRONG> (Thumb, 2 bytes, Stack size 0 bytes, stm32f10x_it.o(i.SVCHandler))
<BR>[Address Reference Count : 1]<UL><LI> stm32f10x_vector.o(RESET)
</UL>
<P><STRONG><a name="[e9]"></a>SVC_Handler</STRONG> (Thumb, 0 bytes, Stack size 0 bytes, stm32f10x_it.o(i.SVCHandler), UNUSED)

<P><STRONG><a name="[7b]"></a>SetBTABLE</STRONG> (Thumb, 10 bytes, Stack size 0 bytes, usb_regs.o(i.SetBTABLE))
<BR><BR>[Called By]<UL><LI><a href="#[3]">&gt;&gt;</a>&nbsp;&nbsp;&nbsp;Joystick_Reset
</UL>

<P><STRONG><a name="[77]"></a>SetDeviceAddress</STRONG> (Thumb, 50 bytes, Stack size 20 bytes, usb_core.o(i.SetDeviceAddress))
<BR><BR>[Stack]<UL><LI>Max Depth = 20<LI>Call Chain = SetDeviceAddress
</UL>
<BR>[Called By]<UL><LI><a href="#[60]">&gt;&gt;</a>&nbsp;&nbsp;&nbsp;In0_Process
<LI><a href="#[3]">&gt;&gt;</a>&nbsp;&nbsp;&nbsp;Joystick_Reset
</UL>

<P><STRONG><a name="[7e]"></a>SetEPRxAddr</STRONG> (Thumb, 24 bytes, Stack size 0 bytes, usb_regs.o(i.SetEPRxAddr))
<BR><BR>[Called By]<UL><LI><a href="#[3]">&gt;&gt;</a>&nbsp;&nbsp;&nbsp;Joystick_Reset
</UL>

<P><STRONG><a name="[81]"></a>SetEPRxCount</STRONG> (Thumb, 56 bytes, Stack size 0 bytes, usb_regs.o(i.SetEPRxCount))
<BR><BR>[Called By]<UL><LI><a href="#[93]">&gt;&gt;</a>&nbsp;&nbsp;&nbsp;Standard_ClearFeature
<LI><a href="#[78]">&gt;&gt;</a>&nbsp;&nbsp;&nbsp;Post0_Process
<LI><a href="#[3]">&gt;&gt;</a>&nbsp;&nbsp;&nbsp;Joystick_Reset
</UL>

<P><STRONG><a name="[82]"></a>SetEPRxStatus</STRONG> (Thumb, 38 bytes, Stack size 0 bytes, usb_regs.o(i.SetEPRxStatus))
<BR><BR>[Called By]<UL><LI><a href="#[3]">&gt;&gt;</a>&nbsp;&nbsp;&nbsp;Joystick_Reset
</UL>

<P><STRONG><a name="[6e]"></a>SetEPRxValid</STRONG> (Thumb, 24 bytes, Stack size 0 bytes, usb_regs.o(i.SetEPRxValid))
<BR><BR>[Called By]<UL><LI><a href="#[1]">&gt;&gt;</a>&nbsp;&nbsp;&nbsp;EP1_OUT_Callback
<LI><a href="#[3]">&gt;&gt;</a>&nbsp;&nbsp;&nbsp;Joystick_Reset
</UL>

<P><STRONG><a name="[7f]"></a>SetEPTxAddr</STRONG> (Thumb, 22 bytes, Stack size 0 bytes, usb_regs.o(i.SetEPTxAddr))
<BR><BR>[Called By]<UL><LI><a href="#[3]">&gt;&gt;</a>&nbsp;&nbsp;&nbsp;Joystick_Reset
</UL>

<P><STRONG><a name="[66]"></a>SetEPTxCount</STRONG> (Thumb, 20 bytes, Stack size 0 bytes, usb_regs.o(i.SetEPTxCount))
<BR><BR>[Called By]<UL><LI><a href="#[67]">&gt;&gt;</a>&nbsp;&nbsp;&nbsp;DataStageOut
<LI><a href="#[63]">&gt;&gt;</a>&nbsp;&nbsp;&nbsp;DataStageIn
<LI><a href="#[3]">&gt;&gt;</a>&nbsp;&nbsp;&nbsp;Joystick_Reset
</UL>

<P><STRONG><a name="[7d]"></a>SetEPTxStatus</STRONG> (Thumb, 38 bytes, Stack size 0 bytes, usb_regs.o(i.SetEPTxStatus))
<BR><BR>[Called By]<UL><LI><a href="#[93]">&gt;&gt;</a>&nbsp;&nbsp;&nbsp;Standard_ClearFeature
<LI><a href="#[3]">&gt;&gt;</a>&nbsp;&nbsp;&nbsp;Joystick_Reset
</UL>

<P><STRONG><a name="[85]"></a>SetEPTxValid</STRONG> (Thumb, 24 bytes, Stack size 0 bytes, usb_regs.o(i.SetEPTxValid))
<BR><BR>[Called By]<UL><LI><a href="#[83]">&gt;&gt;</a>&nbsp;&nbsp;&nbsp;Joystick_Send
</UL>

<P><STRONG><a name="[7c]"></a>SetEPType</STRONG> (Thumb, 22 bytes, Stack size 0 bytes, usb_regs.o(i.SetEPType))
<BR><BR>[Called By]<UL><LI><a href="#[3]">&gt;&gt;</a>&nbsp;&nbsp;&nbsp;Joystick_Reset
</UL>

<P><STRONG><a name="[99]"></a>Set_System</STRONG> (Thumb, 876 bytes, Stack size 40 bytes, hw_config.o(i.Set_System))
<BR><BR>[Stack]<UL><LI>Max Depth = 84<LI>Call Chain = Set_System &rArr; USART_Init &rArr; RCC_GetClocksFreq
</UL>
<BR>[Calls]<UL><LI><a href="#[a2]">&gt;&gt;</a>&nbsp;&nbsp;&nbsp;USART_Init
<LI><a href="#[a3]">&gt;&gt;</a>&nbsp;&nbsp;&nbsp;USART_Cmd
<LI><a href="#[b4]">&gt;&gt;</a>&nbsp;&nbsp;&nbsp;TIM_TimeBaseInit
<LI><a href="#[b6]">&gt;&gt;</a>&nbsp;&nbsp;&nbsp;TIM_OC2PreloadConfig
<LI><a href="#[b5]">&gt;&gt;</a>&nbsp;&nbsp;&nbsp;TIM_OC2Init
<LI><a href="#[b9]">&gt;&gt;</a>&nbsp;&nbsp;&nbsp;TIM_OC1Init
<LI><a href="#[ba]">&gt;&gt;</a>&nbsp;&nbsp;&nbsp;TIM_CtrlPWMOutputs
<LI><a href="#[b8]">&gt;&gt;</a>&nbsp;&nbsp;&nbsp;TIM_Cmd
<LI><a href="#[b7]">&gt;&gt;</a>&nbsp;&nbsp;&nbsp;TIM_ARRPreloadConfig
<LI><a href="#[8a]">&gt;&gt;</a>&nbsp;&nbsp;&nbsp;RCC_WaitForHSEStartUp
<LI><a href="#[8d]">&gt;&gt;</a>&nbsp;&nbsp;&nbsp;RCC_SYSCLKConfig
<LI><a href="#[a0]">&gt;&gt;</a>&nbsp;&nbsp;&nbsp;RCC_PLLConfig
<LI><a href="#[8c]">&gt;&gt;</a>&nbsp;&nbsp;&nbsp;RCC_PLLCmd
<LI><a href="#[9e]">&gt;&gt;</a>&nbsp;&nbsp;&nbsp;RCC_PCLK2Config
<LI><a href="#[9f]">&gt;&gt;</a>&nbsp;&nbsp;&nbsp;RCC_PCLK1Config
<LI><a href="#[89]">&gt;&gt;</a>&nbsp;&nbsp;&nbsp;RCC_HSEConfig
<LI><a href="#[9d]">&gt;&gt;</a>&nbsp;&nbsp;&nbsp;RCC_HCLKConfig
<LI><a href="#[8e]">&gt;&gt;</a>&nbsp;&nbsp;&nbsp;RCC_GetSYSCLKSource
<LI><a href="#[8b]">&gt;&gt;</a>&nbsp;&nbsp;&nbsp;RCC_GetFlagStatus
<LI><a href="#[9a]">&gt;&gt;</a>&nbsp;&nbsp;&nbsp;RCC_DeInit
<LI><a href="#[75]">&gt;&gt;</a>&nbsp;&nbsp;&nbsp;RCC_APB2PeriphClockCmd
<LI><a href="#[a1]">&gt;&gt;</a>&nbsp;&nbsp;&nbsp;RCC_APB1PeriphClockCmd
<LI><a href="#[a4]">&gt;&gt;</a>&nbsp;&nbsp;&nbsp;RCC_AHBPeriphClockCmd
<LI><a href="#[a5]">&gt;&gt;</a>&nbsp;&nbsp;&nbsp;RCC_ADCCLKConfig
<LI><a href="#[76]">&gt;&gt;</a>&nbsp;&nbsp;&nbsp;GPIO_Init
<LI><a href="#[a6]">&gt;&gt;</a>&nbsp;&nbsp;&nbsp;GPIO_EXTILineConfig
<LI><a href="#[9c]">&gt;&gt;</a>&nbsp;&nbsp;&nbsp;FLASH_SetLatency
<LI><a href="#[9b]">&gt;&gt;</a>&nbsp;&nbsp;&nbsp;FLASH_PrefetchBufferCmd
<LI><a href="#[a7]">&gt;&gt;</a>&nbsp;&nbsp;&nbsp;EXTI_Init
<LI><a href="#[71]">&gt;&gt;</a>&nbsp;&nbsp;&nbsp;EXTI_ClearITPendingBit
<LI><a href="#[a9]">&gt;&gt;</a>&nbsp;&nbsp;&nbsp;DMA_Init
<LI><a href="#[a8]">&gt;&gt;</a>&nbsp;&nbsp;&nbsp;DMA_DeInit
<LI><a href="#[aa]">&gt;&gt;</a>&nbsp;&nbsp;&nbsp;DMA_Cmd
<LI><a href="#[b1]">&gt;&gt;</a>&nbsp;&nbsp;&nbsp;ADC_StartCalibration
<LI><a href="#[b3]">&gt;&gt;</a>&nbsp;&nbsp;&nbsp;ADC_SoftwareStartConvCmd
<LI><a href="#[af]">&gt;&gt;</a>&nbsp;&nbsp;&nbsp;ADC_ResetCalibration
<LI><a href="#[ac]">&gt;&gt;</a>&nbsp;&nbsp;&nbsp;ADC_RegularChannelConfig
<LI><a href="#[ab]">&gt;&gt;</a>&nbsp;&nbsp;&nbsp;ADC_Init
<LI><a href="#[b0]">&gt;&gt;</a>&nbsp;&nbsp;&nbsp;ADC_GetResetCalibrationStatus
<LI><a href="#[b2]">&gt;&gt;</a>&nbsp;&nbsp;&nbsp;ADC_GetCalibrationStatus
<LI><a href="#[ad]">&gt;&gt;</a>&nbsp;&nbsp;&nbsp;ADC_DMACmd
<LI><a href="#[ae]">&gt;&gt;</a>&nbsp;&nbsp;&nbsp;ADC_Cmd
<LI><a href="#[74]">&gt;&gt;</a>&nbsp;&nbsp;&nbsp;GPIO_AINConfig
</UL>
<BR>[Called By]<UL><LI><a href="#[54]">&gt;&gt;</a>&nbsp;&nbsp;&nbsp;main
</UL>

<P><STRONG><a name="[bb]"></a>Set_USBClock</STRONG> (Thumb, 20 bytes, Stack size 8 bytes, hw_config.o(i.Set_USBClock))
<BR><BR>[Stack]<UL><LI>Max Depth = 8<LI>Call Chain = Set_USBClock
</UL>
<BR>[Calls]<UL><LI><a href="#[bc]">&gt;&gt;</a>&nbsp;&nbsp;&nbsp;RCC_USBCLKConfig
<LI><a href="#[a1]">&gt;&gt;</a>&nbsp;&nbsp;&nbsp;RCC_APB1PeriphClockCmd
</UL>
<BR>[Called By]<UL><LI><a href="#[54]">&gt;&gt;</a>&nbsp;&nbsp;&nbsp;main
</UL>

<P><STRONG><a name="[61]"></a>Setup0_Process</STRONG> (Thumb, 92 bytes, Stack size 16 bytes, usb_core.o(i.Setup0_Process))
<BR><BR>[Stack]<UL><LI>Max Depth = 88<LI>Call Chain = Setup0_Process &rArr; Data_Setup0 &rArr; DataStageIn &rArr; UserToPMABufferCopy
</UL>
<BR>[Calls]<UL><LI><a href="#[bd]">&gt;&gt;</a>&nbsp;&nbsp;&nbsp;ByteSwap
<LI><a href="#[78]">&gt;&gt;</a>&nbsp;&nbsp;&nbsp;Post0_Process
<LI><a href="#[8f]">&gt;&gt;</a>&nbsp;&nbsp;&nbsp;NoData_Setup0
<LI><a href="#[6a]">&gt;&gt;</a>&nbsp;&nbsp;&nbsp;Data_Setup0
</UL>
<BR>[Called By]<UL><LI><a href="#[5f]">&gt;&gt;</a>&nbsp;&nbsp;&nbsp;CTR_LP
</UL>

<P><STRONG><a name="[93]"></a>Standard_ClearFeature</STRONG> (Thumb, 204 bytes, Stack size 16 bytes, usb_core.o(i.Standard_ClearFeature))
<BR><BR>[Stack]<UL><LI>Max Depth = 16<LI>Call Chain = Standard_ClearFeature
</UL>
<BR>[Calls]<UL><LI><a href="#[be]">&gt;&gt;</a>&nbsp;&nbsp;&nbsp;ClearDTOG_TX
<LI><a href="#[bf]">&gt;&gt;</a>&nbsp;&nbsp;&nbsp;ClearDTOG_RX
<LI><a href="#[7d]">&gt;&gt;</a>&nbsp;&nbsp;&nbsp;SetEPTxStatus
<LI><a href="#[81]">&gt;&gt;</a>&nbsp;&nbsp;&nbsp;SetEPRxCount
</UL>
<BR>[Called By]<UL><LI><a href="#[8f]">&gt;&gt;</a>&nbsp;&nbsp;&nbsp;NoData_Setup0
</UL>

<P><STRONG><a name="[57]"></a>Standard_GetConfiguration</STRONG> (Thumb, 30 bytes, Stack size 8 bytes, usb_core.o(i.Standard_GetConfiguration))
<BR><BR>[Stack]<UL><LI>Max Depth = 8<LI>Call Chain = Standard_GetConfiguration
</UL>
<BR>[Address Reference Count : 1]<UL><LI> usb_core.o(i.Data_Setup0)
</UL>
<P><STRONG><a name="[79]"></a>Standard_GetDescriptorData</STRONG> (Thumb, 24 bytes, Stack size 0 bytes, usb_core.o(i.Standard_GetDescriptorData))
<BR><BR>[Called By]<UL><LI><a href="#[b]">&gt;&gt;</a>&nbsp;&nbsp;&nbsp;Joystick_GetStringDescriptor
<LI><a href="#[59]">&gt;&gt;</a>&nbsp;&nbsp;&nbsp;Joystick_GetReportDescriptor
<LI><a href="#[5a]">&gt;&gt;</a>&nbsp;&nbsp;&nbsp;Joystick_GetHIDDescriptor
<LI><a href="#[9]">&gt;&gt;</a>&nbsp;&nbsp;&nbsp;Joystick_GetDeviceDescriptor
<LI><a href="#[a]">&gt;&gt;</a>&nbsp;&nbsp;&nbsp;Joystick_GetConfigDescriptor
</UL>

<P><STRONG><a name="[58]"></a>Standard_GetInterface</STRONG> (Thumb, 30 bytes, Stack size 8 bytes, usb_core.o(i.Standard_GetInterface))
<BR><BR>[Stack]<UL><LI>Max Depth = 8<LI>Call Chain = Standard_GetInterface
</UL>
<BR>[Address Reference Count : 1]<UL><LI> usb_core.o(i.Data_Setup0)
</UL>
<P><STRONG><a name="[56]"></a>Standard_GetStatus</STRONG> (Thumb, 122 bytes, Stack size 8 bytes, usb_core.o(i.Standard_GetStatus))
<BR><BR>[Stack]<UL><LI>Max Depth = 8<LI>Call Chain = Standard_GetStatus
</UL>
<BR>[Address Reference Count : 1]<UL><LI> usb_core.o(i.Data_Setup0)
</UL>
<P><STRONG><a name="[90]"></a>Standard_SetConfiguration</STRONG> (Thumb, 42 bytes, Stack size 8 bytes, usb_core.o(i.Standard_SetConfiguration))
<BR><BR>[Stack]<UL><LI>Max Depth = 8<LI>Call Chain = Standard_SetConfiguration
</UL>
<BR>[Called By]<UL><LI><a href="#[8f]">&gt;&gt;</a>&nbsp;&nbsp;&nbsp;NoData_Setup0
</UL>

<P><STRONG><a name="[91]"></a>Standard_SetDeviceFeature</STRONG> (Thumb, 26 bytes, Stack size 8 bytes, usb_core.o(i.Standard_SetDeviceFeature))
<BR><BR>[Stack]<UL><LI>Max Depth = 8<LI>Call Chain = Standard_SetDeviceFeature
</UL>
<BR>[Called By]<UL><LI><a href="#[8f]">&gt;&gt;</a>&nbsp;&nbsp;&nbsp;NoData_Setup0
</UL>

<P><STRONG><a name="[94]"></a>Standard_SetEndPointFeature</STRONG> (Thumb, 110 bytes, Stack size 16 bytes, usb_core.o(i.Standard_SetEndPointFeature))
<BR><BR>[Stack]<UL><LI>Max Depth = 16<LI>Call Chain = Standard_SetEndPointFeature
</UL>
<BR>[Called By]<UL><LI><a href="#[8f]">&gt;&gt;</a>&nbsp;&nbsp;&nbsp;NoData_Setup0
</UL>

<P><STRONG><a name="[92]"></a>Standard_SetInterface</STRONG> (Thumb, 60 bytes, Stack size 8 bytes, usb_core.o(i.Standard_SetInterface))
<BR><BR>[Stack]<UL><LI>Max Depth = 8<LI>Call Chain = Standard_SetInterface
</UL>
<BR>[Called By]<UL><LI><a href="#[8f]">&gt;&gt;</a>&nbsp;&nbsp;&nbsp;NoData_Setup0
</UL>

<P><STRONG><a name="[c0]"></a>Suspend</STRONG> (Thumb, 26 bytes, Stack size 0 bytes, usb_pwr.o(i.Suspend))
<BR><BR>[Stack]<UL><LI>Max Depth = 8 + Unknown Stack Size
<LI>Call Chain = Suspend &rArr; Enter_LowPowerMode
</UL>
<BR>[Calls]<UL><LI><a href="#[72]">&gt;&gt;</a>&nbsp;&nbsp;&nbsp;Enter_LowPowerMode
</UL>
<BR>[Called By]<UL><LI><a href="#[c6]">&gt;&gt;</a>&nbsp;&nbsp;&nbsp;USB_Istr
</UL>

<P><STRONG><a name="[17]"></a>SysTickHandler</STRONG> (Thumb, 2 bytes, Stack size 0 bytes, stm32f10x_it.o(i.SysTickHandler))
<BR>[Address Reference Count : 1]<UL><LI> stm32f10x_vector.o(RESET)
</UL>
<P><STRONG><a name="[ea]"></a>SysTick_Handler</STRONG> (Thumb, 0 bytes, Stack size 0 bytes, stm32f10x_it.o(i.SysTickHandler), UNUSED)

<P><STRONG><a name="[1a]"></a>TAMPER_IRQHandler</STRONG> (Thumb, 2 bytes, Stack size 0 bytes, stm32f10x_it.o(i.TAMPER_IRQHandler))
<BR>[Address Reference Count : 1]<UL><LI> stm32f10x_vector.o(RESET)
</UL>
<P><STRONG><a name="[30]"></a>TIM1_BRK_IRQHandler</STRONG> (Thumb, 2 bytes, Stack size 0 bytes, stm32f10x_it.o(i.TIM1_BRK_IRQHandler))
<BR>[Address Reference Count : 1]<UL><LI> stm32f10x_vector.o(RESET)
</UL>
<P><STRONG><a name="[33]"></a>TIM1_CC_IRQHandler</STRONG> (Thumb, 2 bytes, Stack size 0 bytes, stm32f10x_it.o(i.TIM1_CC_IRQHandler))
<BR>[Address Reference Count : 1]<UL><LI> stm32f10x_vector.o(RESET)
</UL>
<P><STRONG><a name="[32]"></a>TIM1_TRG_COM_IRQHandler</STRONG> (Thumb, 2 bytes, Stack size 0 bytes, stm32f10x_it.o(i.TIM1_TRG_COM_IRQHandler))
<BR>[Address Reference Count : 1]<UL><LI> stm32f10x_vector.o(RESET)
</UL>
<P><STRONG><a name="[31]"></a>TIM1_UP_IRQHandler</STRONG> (Thumb, 2 bytes, Stack size 0 bytes, stm32f10x_it.o(i.TIM1_UP_IRQHandler))
<BR>[Address Reference Count : 1]<UL><LI> stm32f10x_vector.o(RESET)
</UL>
<P><STRONG><a name="[34]"></a>TIM2_IRQHandler</STRONG> (Thumb, 2 bytes, Stack size 0 bytes, stm32f10x_it.o(i.TIM2_IRQHandler))
<BR>[Address Reference Count : 1]<UL><LI> stm32f10x_vector.o(RESET)
</UL>
<P><STRONG><a name="[35]"></a>TIM3_IRQHandler</STRONG> (Thumb, 2 bytes, Stack size 0 bytes, stm32f10x_it.o(i.TIM3_IRQHandler))
<BR>[Address Reference Count : 1]<UL><LI> stm32f10x_vector.o(RESET)
</UL>
<P><STRONG><a name="[36]"></a>TIM4_IRQHandler</STRONG> (Thumb, 2 bytes, Stack size 0 bytes, stm32f10x_it.o(i.TIM4_IRQHandler))
<BR>[Address Reference Count : 1]<UL><LI> stm32f10x_vector.o(RESET)
</UL>
<P><STRONG><a name="[4a]"></a>TIM5_IRQHandler</STRONG> (Thumb, 2 bytes, Stack size 0 bytes, stm32f10x_it.o(i.TIM5_IRQHandler))
<BR>[Address Reference Count : 1]<UL><LI> stm32f10x_vector.o(RESET)
</UL>
<P><STRONG><a name="[4e]"></a>TIM6_IRQHandler</STRONG> (Thumb, 2 bytes, Stack size 0 bytes, stm32f10x_it.o(i.TIM6_IRQHandler))
<BR>[Address Reference Count : 1]<UL><LI> stm32f10x_vector.o(RESET)
</UL>
<P><STRONG><a name="[4f]"></a>TIM7_IRQHandler</STRONG> (Thumb, 2 bytes, Stack size 0 bytes, stm32f10x_it.o(i.TIM7_IRQHandler))
<BR>[Address Reference Count : 1]<UL><LI> stm32f10x_vector.o(RESET)
</UL>
<P><STRONG><a name="[43]"></a>TIM8_BRK_IRQHandler</STRONG> (Thumb, 2 bytes, Stack size 0 bytes, stm32f10x_it.o(i.TIM8_BRK_IRQHandler))
<BR>[Address Reference Count : 1]<UL><LI> stm32f10x_vector.o(RESET)
</UL>
<P><STRONG><a name="[46]"></a>TIM8_CC_IRQHandler</STRONG> (Thumb, 2 bytes, Stack size 0 bytes, stm32f10x_it.o(i.TIM8_CC_IRQHandler))
<BR>[Address Reference Count : 1]<UL><LI> stm32f10x_vector.o(RESET)
</UL>
<P><STRONG><a name="[45]"></a>TIM8_TRG_COM_IRQHandler</STRONG> (Thumb, 2 bytes, Stack size 0 bytes, stm32f10x_it.o(i.TIM8_TRG_COM_IRQHandler))
<BR>[Address Reference Count : 1]<UL><LI> stm32f10x_vector.o(RESET)
</UL>
<P><STRONG><a name="[44]"></a>TIM8_UP_IRQHandler</STRONG> (Thumb, 2 bytes, Stack size 0 bytes, stm32f10x_it.o(i.TIM8_UP_IRQHandler))
<BR>[Address Reference Count : 1]<UL><LI> stm32f10x_vector.o(RESET)
</UL>
<P><STRONG><a name="[b7]"></a>TIM_ARRPreloadConfig</STRONG> (Thumb, 22 bytes, Stack size 0 bytes, stm32f10x_tim.o(i.TIM_ARRPreloadConfig))
<BR><BR>[Called By]<UL><LI><a href="#[99]">&gt;&gt;</a>&nbsp;&nbsp;&nbsp;Set_System
</UL>

<P><STRONG><a name="[b8]"></a>TIM_Cmd</STRONG> (Thumb, 22 bytes, Stack size 0 bytes, stm32f10x_tim.o(i.TIM_Cmd))
<BR><BR>[Called By]<UL><LI><a href="#[99]">&gt;&gt;</a>&nbsp;&nbsp;&nbsp;Set_System
</UL>

<P><STRONG><a name="[ba]"></a>TIM_CtrlPWMOutputs</STRONG> (Thumb, 22 bytes, Stack size 0 bytes, stm32f10x_tim.o(i.TIM_CtrlPWMOutputs))
<BR><BR>[Called By]<UL><LI><a href="#[99]">&gt;&gt;</a>&nbsp;&nbsp;&nbsp;Set_System
</UL>

<P><STRONG><a name="[b9]"></a>TIM_OC1Init</STRONG> (Thumb, 88 bytes, Stack size 20 bytes, stm32f10x_tim.o(i.TIM_OC1Init))
<BR><BR>[Stack]<UL><LI>Max Depth = 20<LI>Call Chain = TIM_OC1Init
</UL>
<BR>[Called By]<UL><LI><a href="#[99]">&gt;&gt;</a>&nbsp;&nbsp;&nbsp;Set_System
</UL>

<P><STRONG><a name="[b5]"></a>TIM_OC2Init</STRONG> (Thumb, 116 bytes, Stack size 16 bytes, stm32f10x_tim.o(i.TIM_OC2Init))
<BR><BR>[Stack]<UL><LI>Max Depth = 16<LI>Call Chain = TIM_OC2Init
</UL>
<BR>[Called By]<UL><LI><a href="#[99]">&gt;&gt;</a>&nbsp;&nbsp;&nbsp;Set_System
</UL>

<P><STRONG><a name="[b6]"></a>TIM_OC2PreloadConfig</STRONG> (Thumb, 14 bytes, Stack size 0 bytes, stm32f10x_tim.o(i.TIM_OC2PreloadConfig))
<BR><BR>[Called By]<UL><LI><a href="#[99]">&gt;&gt;</a>&nbsp;&nbsp;&nbsp;Set_System
</UL>

<P><STRONG><a name="[b4]"></a>TIM_TimeBaseInit</STRONG> (Thumb, 52 bytes, Stack size 8 bytes, stm32f10x_tim.o(i.TIM_TimeBaseInit))
<BR><BR>[Stack]<UL><LI>Max Depth = 8<LI>Call Chain = TIM_TimeBaseInit
</UL>
<BR>[Called By]<UL><LI><a href="#[99]">&gt;&gt;</a>&nbsp;&nbsp;&nbsp;Set_System
</UL>

<P><STRONG><a name="[4c]"></a>UART4_IRQHandler</STRONG> (Thumb, 2 bytes, Stack size 0 bytes, stm32f10x_it.o(i.UART4_IRQHandler))
<BR>[Address Reference Count : 1]<UL><LI> stm32f10x_vector.o(RESET)
</UL>
<P><STRONG><a name="[4d]"></a>UART5_IRQHandler</STRONG> (Thumb, 2 bytes, Stack size 0 bytes, stm32f10x_it.o(i.UART5_IRQHandler))
<BR>[Address Reference Count : 1]<UL><LI> stm32f10x_vector.o(RESET)
</UL>
<P><STRONG><a name="[3d]"></a>USART1_IRQHandler</STRONG> (Thumb, 2 bytes, Stack size 0 bytes, stm32f10x_it.o(i.USART1_IRQHandler))
<BR>[Address Reference Count : 1]<UL><LI> stm32f10x_vector.o(RESET)
</UL>
<P><STRONG><a name="[3e]"></a>USART2_IRQHandler</STRONG> (Thumb, 2 bytes, Stack size 0 bytes, stm32f10x_it.o(i.USART2_IRQHandler))
<BR>[Address Reference Count : 1]<UL><LI> stm32f10x_vector.o(RESET)
</UL>
<P><STRONG><a name="[3f]"></a>USART3_IRQHandler</STRONG> (Thumb, 2 bytes, Stack size 0 bytes, stm32f10x_it.o(i.USART3_IRQHandler))
<BR>[Address Reference Count : 1]<UL><LI> stm32f10x_vector.o(RESET)
</UL>
<P><STRONG><a name="[a3]"></a>USART_Cmd</STRONG> (Thumb, 20 bytes, Stack size 0 bytes, stm32f10x_usart.o(i.USART_Cmd))
<BR><BR>[Called By]<UL><LI><a href="#[99]">&gt;&gt;</a>&nbsp;&nbsp;&nbsp;Set_System
</UL>

<P><STRONG><a name="[a2]"></a>USART_Init</STRONG> (Thumb, 130 bytes, Stack size 32 bytes, stm32f10x_usart.o(i.USART_Init))
<BR><BR>[Stack]<UL><LI>Max Depth = 44<LI>Call Chain = USART_Init &rArr; RCC_GetClocksFreq
</UL>
<BR>[Calls]<UL><LI><a href="#[c1]">&gt;&gt;</a>&nbsp;&nbsp;&nbsp;RCC_GetClocksFreq
</UL>
<BR>[Called By]<UL><LI><a href="#[99]">&gt;&gt;</a>&nbsp;&nbsp;&nbsp;Set_System
</UL>

<P><STRONG><a name="[42]"></a>USBWakeUp_IRQHandler</STRONG> (Thumb, 8 bytes, Stack size 0 bytes, stm32f10x_it.o(i.USBWakeUp_IRQHandler))
<BR><BR>[Calls]<UL><LI><a href="#[71]">&gt;&gt;</a>&nbsp;&nbsp;&nbsp;EXTI_ClearITPendingBit
</UL>
<BR>[Address Reference Count : 1]<UL><LI> stm32f10x_vector.o(RESET)
</UL>
<P><STRONG><a name="[97]"></a>USB_Cable_Config</STRONG> (Thumb, 20 bytes, Stack size 0 bytes, hw_config.o(i.USB_Cable_Config))
<BR><BR>[Calls]<UL><LI><a href="#[6d]">&gt;&gt;</a>&nbsp;&nbsp;&nbsp;GPIO_SetBits
<LI><a href="#[6c]">&gt;&gt;</a>&nbsp;&nbsp;&nbsp;GPIO_ResetBits
</UL>
<BR>[Called By]<UL><LI><a href="#[87]">&gt;&gt;</a>&nbsp;&nbsp;&nbsp;PowerOn
</UL>

<P><STRONG><a name="[2b]"></a>USB_HP_CAN_TX_IRQHandler</STRONG> (Thumb, 2 bytes, Stack size 0 bytes, stm32f10x_it.o(i.USB_HP_CAN_TX_IRQHandler))
<BR>[Address Reference Count : 1]<UL><LI> stm32f10x_vector.o(RESET)
</UL>
<P><STRONG><a name="[c7]"></a>USB_Init</STRONG> (Thumb, 22 bytes, Stack size 0 bytes, usb_init.o(i.USB_Init))
<BR><BR>[Called By]<UL><LI><a href="#[54]">&gt;&gt;</a>&nbsp;&nbsp;&nbsp;main
</UL>

<P><STRONG><a name="[c2]"></a>USB_Interrupts_Config</STRONG> (Thumb, 100 bytes, Stack size 16 bytes, hw_config.o(i.USB_Interrupts_Config))
<BR><BR>[Stack]<UL><LI>Max Depth = 36<LI>Call Chain = USB_Interrupts_Config &rArr; NVIC_Init
</UL>
<BR>[Calls]<UL><LI><a href="#[c3]">&gt;&gt;</a>&nbsp;&nbsp;&nbsp;NVIC_SetVectorTable
<LI><a href="#[c4]">&gt;&gt;</a>&nbsp;&nbsp;&nbsp;NVIC_PriorityGroupConfig
<LI><a href="#[c5]">&gt;&gt;</a>&nbsp;&nbsp;&nbsp;NVIC_Init
</UL>
<BR>[Called By]<UL><LI><a href="#[54]">&gt;&gt;</a>&nbsp;&nbsp;&nbsp;main
</UL>

<P><STRONG><a name="[c6]"></a>USB_Istr</STRONG> (Thumb, 168 bytes, Stack size 16 bytes, usb_istr.o(i.USB_Istr))
<BR><BR>[Stack]<UL><LI>Max Depth = 144 + Unknown Stack Size
<LI>Call Chain = USB_Istr &rArr; CTR_LP &rArr; Setup0_Process &rArr; Data_Setup0 &rArr; DataStageIn &rArr; UserToPMABufferCopy
</UL>
<BR>[Calls]<UL><LI><a href="#[c0]">&gt;&gt;</a>&nbsp;&nbsp;&nbsp;Suspend
<LI><a href="#[5f]">&gt;&gt;</a>&nbsp;&nbsp;&nbsp;CTR_LP
<LI><a href="#[70]">&gt;&gt;</a>&nbsp;&nbsp;&nbsp;Resume
</UL>
<BR>[Called By]<UL><LI><a href="#[2c]">&gt;&gt;</a>&nbsp;&nbsp;&nbsp;USB_LP_CAN_RX0_IRQHandler
</UL>

<P><STRONG><a name="[2c]"></a>USB_LP_CAN_RX0_IRQHandler</STRONG> (Thumb, 4 bytes, Stack size 0 bytes, stm32f10x_it.o(i.USB_LP_CAN_RX0_IRQHandler))
<BR><BR>[Stack]<UL><LI>Max Depth = 144 + Unknown Stack Size
<LI>Call Chain = USB_LP_CAN_RX0_IRQHandler &rArr; USB_Istr &rArr; CTR_LP &rArr; Setup0_Process &rArr; Data_Setup0 &rArr; DataStageIn &rArr; UserToPMABufferCopy
</UL>
<BR>[Calls]<UL><LI><a href="#[c6]">&gt;&gt;</a>&nbsp;&nbsp;&nbsp;USB_Istr
</UL>
<BR>[Address Reference Count : 1]<UL><LI> stm32f10x_vector.o(RESET)
</UL>
<P><STRONG><a name="[13]"></a>UsageFaultException</STRONG> (Thumb, 2 bytes, Stack size 0 bytes, stm32f10x_it.o(i.UsageFaultException))
<BR><BR>[Calls]<UL><LI><a href="#[13]">&gt;&gt;</a>&nbsp;&nbsp;&nbsp;UsageFaultException
</UL>
<BR>[Called By]<UL><LI><a href="#[13]">&gt;&gt;</a>&nbsp;&nbsp;&nbsp;UsageFaultException
</UL>
<BR>[Address Reference Count : 1]<UL><LI> stm32f10x_vector.o(RESET)
</UL>
<P><STRONG><a name="[eb]"></a>UsageFault_Handler</STRONG> (Thumb, 0 bytes, Stack size 0 bytes, stm32f10x_it.o(i.UsageFaultException), UNUSED)

<P><STRONG><a name="[65]"></a>UserToPMABufferCopy</STRONG> (Thumb, 34 bytes, Stack size 8 bytes, usb_mem.o(i.UserToPMABufferCopy))
<BR><BR>[Stack]<UL><LI>Max Depth = 8<LI>Call Chain = UserToPMABufferCopy
</UL>
<BR>[Called By]<UL><LI><a href="#[83]">&gt;&gt;</a>&nbsp;&nbsp;&nbsp;Joystick_Send
<LI><a href="#[63]">&gt;&gt;</a>&nbsp;&nbsp;&nbsp;DataStageIn
</UL>

<P><STRONG><a name="[18]"></a>WWDG_IRQHandler</STRONG> (Thumb, 2 bytes, Stack size 0 bytes, stm32f10x_it.o(i.WWDG_IRQHandler))
<BR>[Address Reference Count : 1]<UL><LI> stm32f10x_vector.o(RESET)
</UL>
<P><STRONG><a name="[ec]"></a>__scatterload_copy</STRONG> (Thumb, 14 bytes, Stack size unknown bytes, handlers.o(i.__scatterload_copy), UNUSED)

<P><STRONG><a name="[ed]"></a>__scatterload_null</STRONG> (Thumb, 2 bytes, Stack size unknown bytes, handlers.o(i.__scatterload_null), UNUSED)

<P><STRONG><a name="[ee]"></a>__scatterload_zeroinit</STRONG> (Thumb, 14 bytes, Stack size unknown bytes, handlers.o(i.__scatterload_zeroinit), UNUSED)

<P><STRONG><a name="[54]"></a>main</STRONG> (Thumb, 42 bytes, Stack size 0 bytes, main.o(i.main))
<BR><BR>[Stack]<UL><LI>Max Depth = 84<LI>Call Chain = main &rArr; Set_System &rArr; USART_Init &rArr; RCC_GetClocksFreq
</UL>
<BR>[Calls]<UL><LI><a href="#[c7]">&gt;&gt;</a>&nbsp;&nbsp;&nbsp;USB_Init
<LI><a href="#[1]">&gt;&gt;</a>&nbsp;&nbsp;&nbsp;EP1_OUT_Callback
<LI><a href="#[c2]">&gt;&gt;</a>&nbsp;&nbsp;&nbsp;USB_Interrupts_Config
<LI><a href="#[bb]">&gt;&gt;</a>&nbsp;&nbsp;&nbsp;Set_USBClock
<LI><a href="#[99]">&gt;&gt;</a>&nbsp;&nbsp;&nbsp;Set_System
<LI><a href="#[83]">&gt;&gt;</a>&nbsp;&nbsp;&nbsp;Joystick_Send
</UL>
<BR>[Address Reference Count : 1]<UL><LI> entry8.o(.ARM.Collect$$$$00000009)
</UL><P>
<H3>
Local Symbols
</H3>
<P><STRONG><a name="[63]"></a>DataStageIn</STRONG> (Thumb, 162 bytes, Stack size 40 bytes, usb_core.o(i.DataStageIn))
<BR><BR>[Stack]<UL><LI>Max Depth = 48<LI>Call Chain = DataStageIn &rArr; UserToPMABufferCopy
</UL>
<BR>[Calls]<UL><LI><a href="#[65]">&gt;&gt;</a>&nbsp;&nbsp;&nbsp;UserToPMABufferCopy
<LI><a href="#[64]">&gt;&gt;</a>&nbsp;&nbsp;&nbsp;GetEPTxAddr
<LI><a href="#[66]">&gt;&gt;</a>&nbsp;&nbsp;&nbsp;SetEPTxCount
</UL>
<BR>[Called By]<UL><LI><a href="#[60]">&gt;&gt;</a>&nbsp;&nbsp;&nbsp;In0_Process
<LI><a href="#[6a]">&gt;&gt;</a>&nbsp;&nbsp;&nbsp;Data_Setup0
</UL>

<P><STRONG><a name="[67]"></a>DataStageOut</STRONG> (Thumb, 146 bytes, Stack size 32 bytes, usb_core.o(i.DataStageOut))
<BR><BR>[Stack]<UL><LI>Max Depth = 32<LI>Call Chain = DataStageOut
</UL>
<BR>[Calls]<UL><LI><a href="#[69]">&gt;&gt;</a>&nbsp;&nbsp;&nbsp;PMAToUserBufferCopy
<LI><a href="#[68]">&gt;&gt;</a>&nbsp;&nbsp;&nbsp;GetEPRxAddr
<LI><a href="#[66]">&gt;&gt;</a>&nbsp;&nbsp;&nbsp;SetEPTxCount
</UL>
<BR>[Called By]<UL><LI><a href="#[62]">&gt;&gt;</a>&nbsp;&nbsp;&nbsp;Out0_Process
</UL>

<P><STRONG><a name="[6a]"></a>Data_Setup0</STRONG> (Thumb, 372 bytes, Stack size 24 bytes, usb_core.o(i.Data_Setup0))
<BR><BR>[Stack]<UL><LI>Max Depth = 72<LI>Call Chain = Data_Setup0 &rArr; DataStageIn &rArr; UserToPMABufferCopy
</UL>
<BR>[Calls]<UL><LI><a href="#[63]">&gt;&gt;</a>&nbsp;&nbsp;&nbsp;DataStageIn
</UL>
<BR>[Called By]<UL><LI><a href="#[61]">&gt;&gt;</a>&nbsp;&nbsp;&nbsp;Setup0_Process
</UL>

<P><STRONG><a name="[8f]"></a>NoData_Setup0</STRONG> (Thumb, 196 bytes, Stack size 16 bytes, usb_core.o(i.NoData_Setup0))
<BR><BR>[Stack]<UL><LI>Max Depth = 32<LI>Call Chain = NoData_Setup0 &rArr; Standard_SetEndPointFeature
</UL>
<BR>[Calls]<UL><LI><a href="#[92]">&gt;&gt;</a>&nbsp;&nbsp;&nbsp;Standard_SetInterface
<LI><a href="#[94]">&gt;&gt;</a>&nbsp;&nbsp;&nbsp;Standard_SetEndPointFeature
<LI><a href="#[91]">&gt;&gt;</a>&nbsp;&nbsp;&nbsp;Standard_SetDeviceFeature
<LI><a href="#[90]">&gt;&gt;</a>&nbsp;&nbsp;&nbsp;Standard_SetConfiguration
<LI><a href="#[93]">&gt;&gt;</a>&nbsp;&nbsp;&nbsp;Standard_ClearFeature
</UL>
<BR>[Called By]<UL><LI><a href="#[61]">&gt;&gt;</a>&nbsp;&nbsp;&nbsp;Setup0_Process
</UL>
<P>
<H3>
Undefined Global Symbols
</H3><HR></body></html>
