<html>
<body>
<pre>
<h1>礦ision Build Log</h1>
<h2>Project:</h2>
D:\模拟驾驶器设计文件\单片机程序\8BitX8BitY8BitRz20ButtonJoyStickMouse\project\JoyStickMouse.uvproj
Project File Date:  09/02/2013

<h2>Output:</h2>
Build target 'STM3210E-EVAL'
compiling hw_config.c...
compiling main.c...
compiling stm32f10x_it.c...
compiling usb_desc.c...
compiling usb_istr.c...
compiling usb_prop.c...
compiling usb_pwr.c...
compiling usb_core.c...
compiling usb_init.c...
compiling usb_int.c...
compiling usb_mem.c...
compiling usb_regs.c...
assembling stm32f10x_vector.s...
linking...
Program Size: Code=8628 RO-data=568 RW-data=308 ZI-data=1164  
FromELF: creating hex file...
".\Obj\Driving Simulator Ver2.0.axf" - 0 Error(s), 0 Warning(s).
